
Capturing num tokens (num_tokens=32 avail_mem=1.88 GB):  82%|████████▏ | 31/38 [00:52<00:02,  2.68it/s]
Capturing num tokens (num_tokens=28 avail_mem=1.86 GB):  82%|████████▏ | 31/38 [00:52<00:02,  2.68it/s]
Capturing num tokens (num_tokens=28 avail_mem=1.86 GB):  84%|████████▍ | 32/38 [00:52<00:02,  2.44it/s]
Capturing num tokens (num_tokens=24 avail_mem=1.85 GB):  84%|████████▍ | 32/38 [00:52<00:02,  2.44it/s]
Capturing n
  warn("tl.make_block_ptr is deprecated. Use TensorDescriptor or tl.make_tensor_descriptor instead.")

Capturing num tokens (num_tokens=16 avail_mem=1.81 GB):  92%|█████████▏| 35/38 [00:53<00:01,  2.54it/s]
Capturing num tokens (num_tokens=12 avail_mem=1.79 GB):  92%|█████████▏| 35/38 [00:53<00:01,  2.54it/s]
Capturing num tokens (num_tokens=12 avail_mem=1.79 GB):  95%|█████████▍| 36/38 [00:54<00:00,  2.83it/s]
Capturing num tokens (num_tokens=8 avail_mem=1.78 GB):  95%|█████████▍| 36/38 [00:54<00:00,  2.83it/s] 
Cap
[2026-09-25 18:10:14] Capture target prefill CUDA graph end. elapsed=55.97 s, mem usage=1.37 GB, avail mem=2.23 GB.
[2026-09-25 18:10:14] Capture target verify CUDA graph begin. backend=full, num_tokens_per_req=4, bs=[1], avail mem=2.23 GB

  0%|          | 0/1 [00:00<?, ?it/s]
Capturing batches (bs=1 avail_mem=2.23 GB):   0%|          | 0/1 [00:00<?, ?it/s]
Capturing batches (bs=1 avail_mem=2.23 GB): 100%|██████████| 1/1 [00:01<00:00,  1.70s/it]
Capturing batches (bs=1 avail_mem=2.23 GB): 100%|██████████| 1/1 [00:01<00:00,  1.70s/it]
[2026-09-25 18:10:17] Capture target verify CUDA graph end. elapsed=2.67 s, mem usage=0.02 GB, avail mem=2.21 GB.
[2026-09-25 18:10:17] Capture draft prefill CUDA graph begin. backend=breakable, num_tokens=[4, 8, 12, 16, 20, 24, 28, 32, 48, 64, 80, 96, 112, 128, 144, 160, 176, 192, 208, 224, 240, 256, 288, 320, 352, 384, 416, 448, 480, 512, 576, 640, 704, 768, 832, 896, 960, 1024], avail mem=2.21 GB

  0%|          | 0/38 [00:00<?, ?it/s]
Capturing num tokens (num_tokens=1024 avail_mem=2.20 GB):   0%|          | 0/38 [00:00<?, ?it/s]
Capturing num tokens (num_tokens=1024 avail_mem=2.20 GB):   3%|▎         | 1/38 [00:00<00:06,  5.79it/s]
Capturing num tokens (num_tokens=960 avail_mem=1.52 GB):   3%|▎         | 1/38 [00:00<00:06,  5.79it/s] 
Capturing num tokens (num_tokens=896 avail_mem=1.52 GB):   3%|▎         | 1/38 [00:00<00:06,  5.79it/s]
Capturing num tokens (num_tokens=832 avail_
[2026-09-25 18:10:19] Capture draft prefill CUDA graph end. elapsed=1.61 s, mem usage=0.22 GB, avail mem=1.99 GB.
[2026-09-25 18:10:19] Capture draft decode CUDA graph begin. backend=full, num_tokens_per_req=1, bs=[1], avail mem=1.99 GB

  0%|          | 0/1 [00:00<?, ?it/s]
Capturing batches (bs=1 avail_mem=1.99 GB):   0%|          | 0/1 [00:00<?, ?it/s]
Capturing batches (bs=1 avail_mem=1.99 GB): 100%|██████████| 1/1 [00:02<00:00,  2.04s/it]
Capturing batches (bs=1 avail_mem=1.99 GB): 100%|██████████| 1/1 [00:02<00:00,  2.04s/it]
[2026-09-25 18:10:22] Capture draft decode CUDA graph end. elapsed=3.02 s, mem usage=0.00 GB, avail mem=1.99 GB.
[2026-09-25 18:10:22] Capture draft extend CUDA graph begin. backend=full, num_tokens_per_req=4, bs=[1], avail mem=1.99 GB

  0%|          | 0/1 [00:00<?, ?it/s]
Capturing batches (bs=1 avail_mem=1.99 GB):   0%|          | 0/1 [00:00<?, ?it/s]
Capturing batches (bs=1 avail_mem=1.99 GB): 100%|██████████| 1/1 [00:00<00:00, 43.88it/s]
[2026-09-25 18:10:23] Capture draft extend CUDA graph end. elapsed=0.94 s, mem usage=0.00 GB, avail mem=1.99 GB.
[2026-09-25 18:10:23] max_total_num_tokens=212986, chunked_prefill_size=1024, max_prefill_tokens=1024, max_running_requests=1, context_len=204800, available_gpu_mem=1.99 GB
[2026-09-25 18:10:23] Init Unified Radix Cache. Components: (<ComponentType.FULL: 0>, <ComponentType.MAMBA: 2>). Tree Core: UnifiedTreeCore
[2026-09-25 18:10:23] Tree cache initialized: source=default impl=UnifiedRadixCache hybrid_swa=False hybrid_ssm=True hicache_attached=False streaming_wrapped=False
[2026-09-25 18:10:23] exl3 quantization is not fully optimized yet. The speed can be slower than non-quantized models.
[2026-09-25 18:10:23] Engine startup timings (s): load_weight=6.55, kv_cache_allocation=2.92, scheduler_e2e=79.42, cuda_graph={prefill=55.97, decode=0.00, target_verify=2.67, draft_prefill=1.61, draft_decode=3.02, draft_extend=0.94}, tokenizer_e2e=90.08
[2026-09-25 18:10:23] INFO:     Started server process [1]
[2026-09-25 18:10:23] INFO:     Waiting for application startup.
[2026-09-25 18:10:23] Using default chat sampling params from model generation config: {'temperature': 1.0, 'top_k': 20, 'top_p': 0.95}
[2026-09-25 18:10:24] INFO:     Application startup complete.
[2026-09-25 18:10:24] INFO:     Uvicorn running on http://0.0.0.0:30000 (Press CTRL+C to quit)
[2026-09-25 18:10:25] INFO:     127.0.0.1:37844 - "GET /model_info HTTP/1.1" 200 OK
[2026-09-25 18:10:28] Prefill batch, #new-seq: 1, #new-token: 122, #cached-token: 0, full token usage: 0.00, mamba usage: 0.80, #running-req: 0, #queue-req: 0, #pending-token: 0, cuda graph: True, input throughput (token/s): 23.77
[2026-09-25 18:10:28] INFO:     127.0.0.1:37854 - "POST /v1/chat/completions HTTP/1.1" 200 OK
[2026-09-25 18:10:28] INFO:     127.0.0.1:37860 - "POST /freeze_gc HTTP/1.1" 200 OK
[2026-09-25 18:10:28] The server is fired up and ready to roll!
/sgl-workspace/sglang/python/sglang/srt/entrypoints/http_server.py:454: FastAPIDeprecationWarning: ORJSONResponse is deprecated, FastAPI now serializes data directly to JSON bytes via Pydantic when a return type or response model is set, which is faster and doesn't need a custom response class. Read more in the FastAPI docs: https://fastapi.tiangolo.com/advanced/custom-response/#orjson-or-response-model and https://fastapi.tiangolo.com/tutorial/response-model/
  return await original_handler(ORJSONRequest(request.scope, request.receive))
[2026-09-25 18:10:29] INFO:     143.244.47.69:51410 - "GET /v1/models HTTP/1.1" 200 OK
[2026-09-25 18:10:29] INFO:     143.244.47.69:51412 - "GET /v1/models HTTP/1.1" 200 OK
[2026-09-25 18:10:30] Prefill batch, #new-seq: 1, #new-token: 60, #cached-token: 0, full token usage: 0.00, mamba usage: 0.60, #running-req: 0, #queue-req: 0, #pending-token: 0, cuda graph: True, input throughput (token/s): 29.33
[2026-09-25 18:10:31] INFO:     143.244.47.69:51417 - "POST /v1/chat/completions HTTP/1.1" 200 OK
[2026-09-25 18:10:31] Prefill batch, #new-seq: 1, #new-token: 68, #cached-token: 0, full token usage: 0.00, mamba usage: 0.80, #running-req: 0, #queue-req: 0, #pending-token: 0, cuda graph: True, input throughput (token/s): 51.10
[2026-09-25 18:10:31] Decode batch, #running-req: 1, #full token: 94, full token usage: 0.00, mamba num: 4, mamba usage: 0.80, accept len: 3.02, accept rate: 0.68, cuda graph: True, gen throughput (token/s): 14.01, #queue-req: 0
[2026-09-25 18:10:31] INFO:     143.244.47.69:51420 - "POST /v1/chat/completions HTTP/1.1" 200 OK
[2026-09-25 18:10:33] Prefill batch, #new-seq: 1, #new-token: 329, #cached-token: 0, full token usage: 0.00, mamba usage: 0.80, #running-req: 0, #queue-req: 0, #pending-token: 0, cuda graph: True, input throughput (token/s): 239.04
[2026-09-25 18:10:33] INFO:     143.244.47.69:51424 - "POST /v1/chat/completions HTTP/1.1" 200 OK
[2026-09-25 18:10:34] Prefill batch, #new-seq: 1, #new-token: 73, #cached-token: 320, full token usage: 0.00, mamba usage: 0.80, #running-req: 0, #queue-req: 0, #pending-token: 0, cuda graph: True, input throughput (token/s): 43.18
[2026-09-25 18:10:35] Decode batch, #running-req: 1, #full token: 436, full token usage: 0.00, mamba num: 4, mamba usage: 0.80, accept len: 3.30, accept rate: 0.77, cuda graph: True, gen throughput (token/s): 41.21, #queue-req: 0
[2026-09-25 18:10:35] INFO:     143.244.47.69:51430 - "POST /v1/chat/completions HTTP/1.1" 200 OK
[2026-09-25 18:10:39] Prefill batch, #new-seq: 1, #new-token: 1024, #cached-token: 0, full token usage: 0.01, mamba usage: 0.80, #running-req: 0, #queue-req: 0, #pending-token: 165643, cuda graph: True, input throughput (token/s): 206.11
[2026-09-25 18:10:40] Prefill batch, #new-seq: 1, #new-token: 1024, #cached-token: 0, full token usage: 0.01, mamba usage: 0.80, #running-req: 0, #queue-req: 0, #pending-token: 164619, cuda graph: True, input throughput (token/s): 1079.19
[2026-09-25 18:10:41] Prefill batch, #new-seq: 1, #new-token: 1024, #cached-token: 0, full token usage: 0.02, mamba usage: 0.80, #running-req: 0, #queue-req: 0, #pending-token: 163595, cuda graph: True, input throughput (token/s): 1066.58
[2026-09-25 18:10:42] Prefill batch, #new-seq: 1, #new-token: 1024, #cached-token: 0, full token usage: 0.02, mamba usage: 0.80, #running-req: 0, #queue-req: 0, #pending-token: 162571, cuda graph: True, input throughput (token/s): 1055.32
[2026-09-25 18:10:43] Prefill batch, #new-seq: 1, #new-token: 1024, #cached-token: 0, full token usage: 0.03, mamba usage: 0.80, #running-req: 0, #queue-req: 0, #pending-token: 161547, cuda graph: True, input throughput (token/s): 1045.60
[2026-09-25 18:10:44] Prefill batch, #new-seq: 1, #new-token: 1024, #cached-token: 0, full token usage: 0.03, mamba usage: 0.80, #running-req: 0, #queue-req: 0, #pending-token: 160523, cuda graph: True, input throughput (token/s): 1036.41
[2026-09-25 18:10:45] Prefill batch, #new-seq: 1, #new-token: 1024, #cached-token: 0, full token usage: 0.04, mamba usage: 0.80, #running-req: 0, #queue-req: 0, #pending-token: 159499, cuda graph: True, input throughput (token/s): 1025.16
[2026-09-25 18:10:46] Prefill batch, #new-seq: 1, #new-token: 1024, #cached-token: 0, full token usage: 0.04, mamba usage: 0.80, #running-req: 0, #queue-req: 0, #pending-token: 158475, cuda graph: True, input throughput (token/s): 1016.42
[2026-09-25 18:10:47] Prefill batch, #new-seq: 1, #new-token: 1024, #cached-token: 0, full token usage: 0.05, mamba usage: 0.80, #running-req: 0, #queue-req: 0, #pending-token: 157451, cuda graph: True, input throughput (token/s): 1008.62
[2026-09-25 18:10:48] Prefill batch, #new-seq: 1, #new-token: 1024, #cached-token: 0, full token usage: 0.05, mamba usage: 0.80, #running-req: 0, #queue-req: 0, #pending-token: 156427, cuda graph: True, input throughput (token/s): 996.94
[2026-09-25 18:10:49] Prefill batch, #new-seq: 1, #new-token: 1024, #cached-token: 0, full token usage: 0.06, mamba usage: 0.80, #running-req: 0, #queue-req: 0, #pending-token: 155403, cuda graph: True, input throughput (token/s): 987.69
[2026-09-25 18:10:50] Prefill batch, #new-seq: 1, #new-token: 1024, #cached-token: 0, full token usage: 0.06, mamba usage: 0.80, #running-req: 0, #queue-req: 0, #pending-token: 154379, cuda graph: True, input throughput (token/s): 980.02
[2026-09-25 18:10:51] Prefill batch, #new-seq: 1, #new-token: 1024, #cached-token: 0, full token usage: 0.07, mamba usage: 0.80, #running-req: 0, #queue-req: 0, #pending-token: 153355, cuda graph: True, input throughput (token/s): 968.65
[2026-09-25 18:10:52] Prefill batch, #new-seq: 1, #new-token: 1024, #cached-token: 0, full token usage: 0.07, mamba usage: 0.80, #running-req: 0, #queue-req: 0, #pending-token: 152331, cuda graph: True, input throughput (token/s): 957.77
[2026-09-25 18:10:53] Prefill batch, #new-seq: 1, #new-token: 1024, #cached-token: 0, full token usage: 0.08, mamba usage: 0.80, #running-req: 0, #queue-req: 0, #pending-token: 151307, cuda graph: True, input throughput (token/s): 952.66
[2026-09-25 18:10:54] Prefill batch, #new-seq: 1, #new-token: 1024, #cached-token: 0, full token usage: 0.08, mamba usage: 0.80, #running-req: 0, #queue-req: 0, #pending-token: 150283, cuda graph: True, input throughput (token/s): 941.19
[2026-09-25 18:10:56] Prefill batch, #new-seq: 1, #new-token: 1024, #cached-token: 0, full token usage: 0.09, mamba usage: 0.80, #running-req: 0, #queue-req: 0, #pending-token: 149259, cuda graph: True, input throughput (token/s): 934.47
[2026-09-25 18:10:57] Prefill batch, #new-seq: 1, #new-token: 1024, #cached-token: 0, full token usage: 0.09, mamba usage: 0.80, #running-req: 0, #queue-req: 0, #pending-token: 148235, cuda graph: True, input throughput (token/s): 926.42
[2026-09-25 18:10:58] Prefill batch, #new-seq: 1, #new-token: 1024, #cached-token: 0, full token usage: 0.10, mamba usage: 0.80, #running-req: 0, #queue-req: 0, #pending-token: 147211, cuda graph: True, input throughput (token/s): 913.40
[2026-09-25 18:10:59] Prefill batch, #new-seq: 1, #new-token: 1024, #cached-token: 0, full token usage: 0.10, mamba usage: 0.80, #running-req: 0, #queue-req: 0, #pending-token: 146187, cuda graph: True, input throughput (token/s): 904.25
[2026-09-25 18:11:00] Prefill batch, #new-seq: 1, #new-token: 1024, #cached-token: 0, full token usage: 0.11, mamba usage: 0.80, #running-req: 0, #queue-req: 0, #pending-token: 145163, cuda graph: True, input throughput (token/s): 898.84
[2026-09-25 18:11:01] Prefill batch, #new-seq: 1, #new-token: 1024, #cached-token: 0, full token usage: 0.11, mamba usage: 0.80, #running-req: 0, #queue-req: 0, #pending-token: 144139, cuda graph: True, input throughput (token/s): 889.69
[2026-09-25 18:11:02] Prefill batch, #new-seq: 1, #new-token: 1024, #cached-token: 0, full token usage: 0.12, mamba usage: 0.80, #running-req: 0, #queue-req: 0, #pending-token: 143115, cuda graph: True, input throughput (token/s): 880.74
[2026-09-25 18:11:04] Prefill batch, #new-seq: 1, #new-token: 1024, #cached-token: 0, full token usage: 0.12, mamba usage: 0.80, #running-req: 0, #queue-req: 0, #pending-token: 142091, cuda graph: True, input throughput (token/s): 874.25
[2026-09-25 18:11:05] Prefill batch, #new-seq: 1, #new-token: 1024, #cached-token: 0, full token usage: 0.13, mamba usage: 0.80, #running-req: 0, #queue-req: 0, #pending-token: 141067, cuda graph: True, input throughput (token/s): 863.61
[2026-09-25 18:11:06] Prefill batch, #new-seq: 1, #new-token: 1024, #cached-token: 0, full token usage: 0.13, mamba usage: 0.80, #running-req: 0, #queue-req: 0, #pending-token: 140043, cuda graph: True, input throughput (token/s): 853.23
[2026-09-25 18:11:07] Prefill batch, #new-seq: 1, #new-token: 1024, #cached-token: 0, full token usage: 0.13, mamba usage: 0.80, #running-req: 0, #queue-req: 0, #pending-token: 139019, cuda graph: True, input throughput (token/s): 845.78
[2026-09-25 18:11:08] Prefill batch, #new-seq: 1, #new-token: 1024, #cached-token: 0, full token usage: 0.14, mamba usage: 0.80, #running-req: 0, #queue-req: 0, #pending-token: 137995, cuda graph: True, input throughput (token/s): 839.68
[2026-09-25 18:11:10] Prefill batch, #new-seq: 1, #new-token: 1024, #cached-token: 0, full token usage: 0.14, mamba usage: 0.80, #running-req: 0, #queue-req: 0, #pending-token: 136971, cuda graph: True, input throughput (token/s): 830.85
[2026-09-25 18:11:11] Prefill batch, #new-seq: 1, #new-token: 1024, #cached-token: 0, full token usage: 0.15, mamba usage: 0.80, #running-req: 0, #queue-req: 0, #pending-token: 135947, cuda graph: True, input throughput (token/s): 822.40
[2026-09-25 18:11:12] Prefill batch, #new-seq: 1, #new-token: 1024, #cached-token: 0, full token usage: 0.15, mamba usage: 0.80, #running-req: 0, #queue-req: 0, #pending-token: 134923, cuda graph: True, input throughput (token/s): 809.89
[2026-09-25 18:11:13] Prefill batch, #new-seq: 1, #new-token: 1024, #cached-token: 0, full token usage: 0.16, mamba usage: 0.80, #running-req: 0, #queue-req: 0, #pending-token: 133899, cuda graph: True, input throughput (token/s): 796.68
[2026-09-25 18:11:15] Prefill batch, #new-seq: 1, #new-token: 1024, #cached-token: 0, full token usage: 0.16, mamba usage: 0.80, #running-req: 0, #queue-req: 0, #pending-token: 132875, cuda graph: True, input throughput (token/s): 792.29
[2026-09-25 18:11:16] Prefill batch, #new-seq: 1, #new-token: 1024, #cached-token: 0, full token usage: 0.17, mamba usage: 0.80, #running-req: 0, #queue-req: 0, #pending-token: 131851, cuda graph: True, input throughput (token/s): 779.16
[2026-09-25 18:11:17] Prefill batch, #new-seq: 1, #new-token: 1024, #cached-token: 0, full token usage: 0.17, mamba usage: 0.80, #running-req: 0, #queue-req: 0, #pending-token: 130827, cuda graph: True, input throughput (token/s): 773.10
[2026-09-25 18:11:19] Prefill batch, #new-seq: 1, #new-token: 1024, #cached-token: 0, full token usage: 0.18, mamba usage: 0.80, #running-req: 0, #queue-req: 0, #pending-token: 129803, cuda graph: True, input throughput (token/s): 780.31
[2026-09-25 18:11:20] Prefill batch, #new-seq: 1, #new-token: 1024, #cached-token: 0, full token usage: 0.18, mamba usage: 0.80, #running-req: 0, #queue-req: 0, #pending-token: 128779, cuda graph: True, input throughput (token/s): 774.21
[2026-09-25 18:11:21] Prefill batch, #new-seq: 1, #new-token: 1024, #cached-token: 0, full token usage: 0.19, mamba usage: 0.80, #running-req: 0, #queue-req: 0, #pending-token: 127755, cuda graph: True, input throughput (token/s): 759.57
[2026-09-25 18:11:23] Prefill batch, #new-seq: 1, #new-token: 1024, #cached-token: 0, full token usage: 0.19, mamba usage: 0.80, #running-req: 0, #queue-req: 0, #pending-token: 126731, cuda graph: True, input throughput (token/s): 759.77
[2026-09-25 18:11:24] Prefill batch, #new-seq: 1, #new-token: 1024, #cached-token: 0, full token usage: 0.20, mamba usage: 0.80, #running-req: 0, #queue-req: 0, #pending-token: 125707, cuda graph: True, input throughput (token/s): 761.13
[2026-09-25 18:11:25] Prefill batch, #new-seq: 1, #new-token: 1024, #cached-token: 0, full token usage: 0.20, mamba usage: 0.80, #running-req: 0, #queue-req: 0, #pending-token: 124683, cuda graph: True, input throughput (token/s): 747.42
[2026-09-25 18:11:27] Prefill batch, #new-seq: 1, #new-token: 1024, #cached-token: 0, full token usage: 0.21, mamba usage: 0.80, #running-req: 0, #queue-req: 0, #pending-token: 123659, cuda graph: True, input throughput (token/s): 748.79
[2026-09-25 18:11:28] Prefill batch, #new-seq: 1, #new-token: 1024, #cached-token: 0, full token usage: 0.21, mamba usage: 0.80, #running-req: 0, #queue-req: 0, #pending-token: 122635, cuda graph: True, input throughput (token/s): 734.52
[2026-09-25 18:11:30] Prefill batch, #new-seq: 1, #new-token: 1024, #cached-token: 0, full token usage: 0.22, mamba usage: 0.80, #running-req: 0, #queue-req: 0, #pending-token: 121611, cuda graph: True, input throughput (token/s): 743.96
[2026-09-25 18:11:31] Prefill batch, #new-seq: 1, #new-token: 1024, #cached-token: 0, full token usage: 0.22, mamba usage: 0.80, #running-req: 0, #queue-req: 0, #pending-token: 120587, cuda graph: True, input throughput (token/s): 734.43
[2026-09-25 18:11:32] Prefill batch, #new-seq: 1, #new-token: 1024, #cached-token: 0, full token usage: 0.23, mamba usage: 0.80, #running-req: 0, #queue-req: 0, #pending-token: 119563, cuda graph: True, input throughput (token/s): 729.97
[2026-09-25 18:11:34] Prefill batch, #new-seq: 1, #new-token: 1024, #cached-token: 0, full token usage: 0.23, mamba usage: 0.80, #running-req: 0, #queue-req: 0, #pending-token: 118539, cuda graph: True, input throughput (token/s): 725.23
[2026-09-25 18:11:35] Prefill batch, #new-seq: 1, #new-token: 1024, #cached-token: 0, full token usage: 0.24, mamba usage: 0.80, #running-req: 0, #queue-req: 0, #pending-token: 117515, cuda graph: True, input throughput (token/s): 718.20
[2026-09-25 18:11:37] Prefill batch, #new-seq: 1, #new-token: 1024, #cached-token: 0, full token usage: 0.24, mamba usage: 0.80, #running-req: 0, #queue-req: 0, #pending-token: 116491, cuda graph: True, input throughput (token/s): 716.23
[2026-09-25 18:11:38] Prefill batch, #new-seq: 1, #new-token: 1024, #cached-token: 0, full token usage: 0.25, mamba usage: 0.80, #running-req: 0, #queue-req: 0, #pending-token: 115467, cuda graph: True, input throughput (token/s): 711.23
[2026-09-25 18:11:39] Prefill batch, #new-seq: 1, #new-token: 1024, #cached-token: 0, full token usage: 0.25, mamba usage: 0.80, #running-req: 0, #queue-req: 0, #pending-token: 114443, cuda graph: True, input throughput (token/s): 706.11
[2026-09-25 18:11:41] Prefill batch, #new-seq: 1, #new-token: 1024, #cached-token: 0, full token usage: 0.25, mamba usage: 0.80, #running-req: 0, #queue-req: 0, #pending-token: 113419, cuda graph: True, input throughput (token/s): 702.70
[2026-09-25 18:11:42] Prefill batch, #new-seq: 1, #new-token: 1024, #cached-token: 0, full token usage: 0.26, mamba usage: 0.80, #running-req: 0, #queue-req: 0, #pending-token: 112395, cuda graph: True, input throughput (token/s): 697.79
[2026-09-25 18:11:44] Prefill batch, #new-seq: 1, #new-token: 1024, #cached-token: 0, full token usage: 0.26, mamba usage: 0.80, #running-req: 0, #queue-req: 0, #pending-token: 111371, cuda graph: True, input throughput (token/s): 692.53
[2026-09-25 18:11:45] Prefill batch, #new-seq: 1, #new-token: 1024, #cached-token: 0, full token usage: 0.27, mamba usage: 0.80, #running-req: 0, #queue-req: 0, #pending-token: 110347, cuda graph: True, input throughput (token/s): 690.23
[2026-09-25 18:11:47] Prefill batch, #new-seq: 1, #new-token: 1024, #cached-token: 0, full token usage: 0.27, mamba usage: 0.80, #running-req: 0, #queue-req: 0, #pending-token: 109323, cuda graph: True, input throughput (token/s): 685.07
[2026-09-25 18:11:48] Prefill batch, #new-seq: 1, #new-token: 1024, #cached-token: 0, full token usage: 0.28, mamba usage: 0.80, #running-req: 0, #queue-req: 0, #pending-token: 108299, cuda graph: True, input throughput (token/s): 682.82
[2026-09-25 18:11:50] Prefill batch, #new-seq: 1, #new-token: 1024, #cached-token: 0, full token usage: 0.28, mamba usage: 0.80, #running-req: 0, #queue-req: 0, #pending-token: 107275, cuda graph: True, input throughput (token/s): 677.50
[2026-09-25 18:11:51] Prefill batch, #new-seq: 1, #new-token: 1024, #cached-token: 0, full token usage: 0.29, mamba usage: 0.80, #running-req: 0, #queue-req: 0, #pending-token: 106251, cuda graph: True, input throughput (token/s): 674.01
[2026-09-25 18:11:53] Prefill batch, #new-seq: 1, #new-token: 1024, #cached-token: 0, full token usage: 0.29, mamba usage: 0.80, #running-req: 0, #queue-req: 0, #pending-token: 105227, cuda graph: True, input throughput (token/s): 670.94
[2026-09-25 18:11:54] Prefill batch, #new-seq: 1, #new-token: 1024, #cached-token: 0, full token usage: 0.30, mamba usage: 0.80, #running-req: 0, #queue-req: 0, #pending-token: 104203, cuda graph: True, input throughput (token/s): 667.61
[2026-09-25 18:11:56] Prefill batch, #new-seq: 1, #new-token: 1024, #cached-token: 0, full token usage: 0.30, mamba usage: 0.80, #running-req: 0, #queue-req: 0, #pending-token: 103179, cuda graph: True, input throughput (token/s): 664.13
[2026-09-25 18:11:58] Prefill batch, #new-seq: 1, #new-token: 1024, #cached-token: 0, full token usage: 0.31, mamba usage: 0.80, #running-req: 0, #queue-req: 0, #pending-token: 102155, cuda graph: True, input throughput (token/s): 659.83
[2026-09-25 18:11:59] Prefill batch, #new-seq: 1, #new-token: 1024, #cached-token: 0, full token usage: 0.31, mamba usage: 0.80, #running-req: 0, #queue-req: 0, #pending-token: 101131, cuda graph: True, input throughput (token/s): 656.50
[2026-09-25 18:12:01] Prefill batch, #new-seq: 1, #new-token: 1024, #cached-token: 0, full token usage: 0.32, mamba usage: 0.80, #running-req: 0, #queue-req: 0, #pending-token: 100107, cuda graph: True, input throughput (token/s): 651.99
[2026-09-25 18:12:02] Prefill batch, #new-seq: 1, #new-token: 1024, #cached-token: 0, full token usage: 0.32, mamba usage: 0.80, #running-req: 0, #queue-req: 0, #pending-token: 99083, cuda graph: True, input throughput (token/s): 647.59
[2026-09-25 18:12:04] Prefill batch, #new-seq: 1, #new-token: 1024, #cached-token: 0, full token usage: 0.33, mamba usage: 0.80, #running-req: 0, #queue-req: 0, #pending-token: 98059, cuda graph: True, input throughput (token/s): 646.88
[2026-09-25 18:12:05] Prefill batch, #new-seq: 1, #new-token: 1024, #cached-token: 0, full token usage: 0.33, mamba usage: 0.80, #running-req: 0, #queue-req: 0, #pending-token: 97035, cuda graph: True, input throughput (token/s): 642.29
[2026-09-25 18:12:07] Prefill batch, #new-seq: 1, #new-token: 1024, #cached-token: 0, full token usage: 0.34, mamba usage: 0.80, #running-req: 0, #queue-req: 0, #pending-token: 96011, cuda graph: True, input throughput (token/s): 638.19
[2026-09-25 18:12:09] Prefill batch, #new-seq: 1, #new-token: 1024, #cached-token: 0, full token usage: 0.34, mamba usage: 0.80, #running-req: 0, #queue-req: 0, #pending-token: 94987, cuda graph: True, input throughput (token/s): 634.41
[2026-09-25 18:12:10] Prefill batch, #new-seq: 1, #new-token: 1024, #cached-token: 0, full token usage: 0.35, mamba usage: 0.80, #running-req: 0, #queue-req: 0, #pending-token: 93963, cuda graph: True, input throughput (token/s): 630.95
[2026-09-25 18:12:12] Prefill batch, #new-seq: 1, #new-token: 1024, #cached-token: 0, full token usage: 0.35, mamba usage: 0.80, #running-req: 0, #queue-req: 0, #pending-token: 92939, cuda graph: True, input throughput (token/s): 627.13
[2026-09-25 18:12:14] Prefill batch, #new-seq: 1, #new-token: 1024, #cached-token: 0, full token usage: 0.36, mamba usage: 0.80, #running-req: 0, #queue-req: 0, #pending-token: 91915, cuda graph: True, input throughput (token/s): 625.04
[2026-09-25 18:12:15] Prefill batch, #new-seq: 1, #new-token: 1024, #cached-token: 0, full token usage: 0.36, mamba usage: 0.80, #running-req: 0, #queue-req: 0, #pending-token: 90891, cuda graph: True, input throughput (token/s): 620.95
[2026-09-25 18:12:17] Prefill batch, #new-seq: 1, #new-token: 1024, #cached-token: 0, full token usage: 0.37, mamba usage: 0.80, #running-req: 0, #queue-req: 0, #pending-token: 89867, cuda graph: True, input throughput (token/s): 616.83
[2026-09-25 18:12:19] Prefill batch, #new-seq: 1, #new-token: 1024, #cached-token: 0, full token usage: 0.37, mamba usage: 0.80, #running-req: 0, #queue-req: 0, #pending-token: 88843, cuda graph: True, input throughput (token/s): 615.02
[2026-09-25 18:12:20] Prefill batch, #new-seq: 1, #new-token: 1024, #cached-token: 0, full token usage: 0.38, mamba usage: 0.80, #running-req: 0, #queue-req: 0, #pending-token: 87819, cuda graph: True, input throughput (token/s): 609.94
[2026-09-25 18:12:22] Prefill batch, #new-seq: 1, #new-token: 1024, #cached-token: 0, full token usage: 0.38, mamba usage: 0.80, #running-req: 0, #queue-req: 0, #pending-token: 86795, cuda graph: True, input throughput (token/s): 607.93
[2026-09-25 18:12:24] Prefill batch, #new-seq: 1, #new-token: 1024, #cached-token: 0, full token usage: 0.38, mamba usage: 0.80, #running-req: 0, #queue-req: 0, #pending-token: 85771, cuda graph: True, input throughput (token/s): 604.54
[2026-09-25 18:12:25] Prefill batch, #new-seq: 1, #new-token: 1024, #cached-token: 0, full token usage: 0.39, mamba usage: 0.80, #running-req: 0, #queue-req: 0, #pending-token: 84747, cuda graph: True, input throughput (token/s): 601.67
[2026-09-25 18:12:27] Prefill batch, #new-seq: 1, #new-token: 1024, #cached-token: 0, full token usage: 0.39, mamba usage: 0.80, #running-req: 0, #queue-req: 0, #pending-token: 83723, cuda graph: True, input throughput (token/s): 597.07
[2026-09-25 18:12:29] Prefill batch, #new-seq: 1, #new-token: 1024, #cached-token: 0, full token usage: 0.40, mamba usage: 0.80, #running-req: 0, #queue-req: 0, #pending-token: 82699, cuda graph: True, input throughput (token/s): 594.63
[2026-09-25 18:12:34] Prefill batch, #new-seq: 1, #new-token: 1024, #cached-token: 0, full token usage: 0.40, mamba usage: 0.80, #running-req: 0, #queue-req: 0, #pending-token: 81675, cuda graph: True, input throughput (token/s): 212.24
[2026-09-25 18:12:35] Prefill batch, #new-seq: 1, #new-token: 1024, #cached-token: 0, full token usage: 0.41, mamba usage: 0.80, #running-req: 0, #queue-req: 0, #pending-token: 80651, cuda graph: True, input throughput (token/s): 594.58
[2026-09-25 18:12:37] Prefill batch, #new-seq: 1, #new-token: 1024, #cached-token: 0, full token usage: 0.41, mamba usage: 0.80, #running-req: 0, #queue-req: 0, #pending-token: 79627, cuda graph: True, input throughput (token/s): 600.16
[2026-09-25 18:12:39] Prefill batch, #new-seq: 1, #new-token: 1024, #cached-token: 0, full token usage: 0.42, mamba usage: 0.80, #running-req: 0, #queue-req: 0, #pending-token: 78603, cuda graph: True, input throughput (token/s): 595.57
[2026-09-25 18:12:40] Prefill batch, #new-seq: 1, #new-token: 1024, #cached-token: 0, full token usage: 0.42, mamba usage: 0.80, #running-req: 0, #queue-req: 0, #pending-token: 77579, cuda graph: True, input throughput (token/s): 591.33
[2026-09-25 18:12:42] Prefill batch, #new-seq: 1, #new-token: 1024, #cached-token: 0, full token usage: 0.43, mamba usage: 0.80, #running-req: 0, #queue-req: 0, #pending-token: 76555, cuda graph: True, input throughput (token/s): 586.24
[2026-09-25 18:12:44] Prefill batch, #new-seq: 1, #new-token: 1024, #cached-token: 0, full token usage: 0.43, mamba usage: 0.80, #running-req: 0, #queue-req: 0, #pending-token: 75531, cuda graph: True, input throughput (token/s): 575.02
[2026-09-25 18:12:46] Prefill batch, #new-seq: 1, #new-token: 1024, #cached-token: 0, full token usage: 0.44, mamba usage: 0.80, #running-req: 0, #queue-req: 0, #pending-token: 74507, cuda graph: True, input throughput (token/s): 578.60
[2026-09-25 18:12:47] Prefill batch, #new-seq: 1, #new-token: 1024, #cached-token: 0, full token usage: 0.44, mamba usage: 0.80, #running-req: 0, #queue-req: 0, #pending-token: 73483, cuda graph: True, input throughput (token/s): 574.41
[2026-09-25 18:12:49] Prefill batch, #new-seq: 1, #new-token: 1024, #cached-token: 0, full token usage: 0.45, mamba usage: 0.80, #running-req: 0, #queue-req: 0, #pending-token: 72459, cuda graph: True, input throughput (token/s): 569.77
[2026-09-25 18:12:51] Prefill batch, #new-seq: 1, #new-token: 1024, #cached-token: 0, full token usage: 0.45, mamba usage: 0.80, #running-req: 0, #queue-req: 0, #pending-token: 71435, cuda graph: True, input throughput (token/s): 564.29
[2026-09-25 18:12:53] Prefill batch, #new-seq: 1, #new-token: 1024, #cached-token: 0, full token usage: 0.46, mamba usage: 0.80, #running-req: 0, #queue-req: 0, #pending-token: 70411, cuda graph: True, input throughput (token/s): 560.43
[2026-09-25 18:12:55] Prefill batch, #new-seq: 1, #new-token: 1024, #cached-token: 0, full token usage: 0.46, mamba usage: 0.80, #running-req: 0, #queue-req: 0, #pending-token: 69387, cuda graph: True, input throughput (token/s): 556.89
[2026-09-25 18:12:57] Prefill batch, #new-seq: 1, #new-token: 1024, #cached-token: 0, full token usage: 0.47, mamba usage: 0.80, #running-req: 0, #queue-req: 0, #pending-token: 68363, cuda graph: True, input throughput (token/s): 543.82
[2026-09-25 18:12:59] Prefill batch, #new-seq: 1, #new-token: 1024, #cached-token: 0, full token usage: 0.47, mamba usage: 0.80, #running-req: 0, #queue-req: 0, #pending-token: 67339, cuda graph: True, input throughput (token/s): 544.46
[2026-09-25 18:13:00] Prefill batch, #new-seq: 1, #new-token: 1024, #cached-token: 0, full token usage: 0.48, mamba usage: 0.80, #running-req: 0, #queue-req: 0, #pending-token: 66315, cuda graph: True, input throughput (token/s): 537.83
[2026-09-25 18:13:02] Prefill batch, #new-seq: 1, #new-token: 1024, #cached-token: 0, full token usage: 0.48, mamba usage: 0.80, #running-req: 0, #queue-req: 0, #pending-token: 65291, cuda graph: True, input throughput (token/s): 531.08
[2026-09-25 18:13:04] Prefill batch, #new-seq: 1, #new-token: 1024, #cached-token: 0, full token usage: 0.49, mamba usage: 0.80, #running-req: 0, #queue-req: 0, #pending-token: 64267, cuda graph: True, input throughput (token/s): 533.12
[2026-09-25 18:13:06] Prefill batch, #new-seq: 1, #new-token: 1024, #cached-token: 0, full token usage: 0.49, mamba usage: 0.80, #running-req: 0, #queue-req: 0, #pending-token: 63243, cuda graph: True, input throughput (token/s): 529.67
[2026-09-25 18:13:08] Prefill batch, #new-seq: 1, #new-token: 1024, #cached-token: 0, full token usage: 0.50, mamba usage: 0.80, #running-req: 0, #queue-req: 0, #pending-token: 62219, cuda graph: True, input throughput (token/s): 528.33
[2026-09-25 18:13:10] Prefill batch, #new-seq: 1, #new-token: 1024, #cached-token: 0, full token usage: 0.50, mamba usage: 0.80, #running-req: 0, #queue-req: 0, #pending-token: 61195, cuda graph: True, input throughput (token/s): 523.39
[2026-09-25 18:13:12] Prefill batch, #new-seq: 1, #new-token: 1024, #cached-token: 0, full token usage: 0.50, mamba usage: 0.80, #running-req: 0, #queue-req: 0, #pending-token: 60171, cuda graph: True, input throughput (token/s): 524.86
[2026-09-25 18:13:14] Prefill batch, #new-seq: 1, #new-token: 1024, #cached-token: 0, full token usage: 0.51, mamba usage: 0.80, #running-req: 0, #queue-req: 0, #pending-token: 59147, cuda graph: True, input throughput (token/s): 522.58
[2026-09-25 18:13:16] Prefill batch, #new-seq: 1, #new-token: 1024, #cached-token: 0, full token usage: 0.51, mamba usage: 0.80, #running-req: 0, #queue-req: 0, #pending-token: 58123, cuda graph: True, input throughput (token/s): 517.29
[2026-09-25 18:13:18] Prefill batch, #new-seq: 1, #new-token: 1024, #cached-token: 0, full token usage: 0.52, mamba usage: 0.80, #running-req: 0, #queue-req: 0, #pending-token: 57099, cuda graph: True, input throughput (token/s): 517.40
[2026-09-25 18:13:20] Prefill batch, #new-seq: 1, #new-token: 1024, #cached-token: 0, full token usage: 0.52, mamba usage: 0.80, #running-req: 0, #queue-req: 0, #pending-token: 56075, cuda graph: True, input throughput (token/s): 515.24
[2026-09-25 18:13:22] Prefill batch, #new-seq: 1, #new-token: 1024, #cached-token: 0, full token usage: 0.53, mamba usage: 0.80, #running-req: 0, #queue-req: 0, #pending-token: 55051, cuda graph: True, input throughput (token/s): 512.78
[2026-09-25 18:13:24] Prefill batch, #new-seq: 1, #new-token: 1024, #cached-token: 0, full token usage: 0.53, mamba usage: 0.80, #running-req: 0, #queue-req: 0, #pending-token: 54027, cuda graph: True, input throughput (token/s): 511.43
[2026-09-25 18:13:26] Prefill batch, #new-seq: 1, #new-token: 1024, #cached-token: 0, full token usage: 0.54, mamba usage: 0.80, #running-req: 0, #queue-req: 0, #pending-token: 53003, cuda graph: True, input throughput (token/s): 508.67
[2026-09-25 18:13:28] Prefill batch, #new-seq: 1, #new-token: 1024, #cached-token: 0, full token usage: 0.54, mamba usage: 0.80, #running-req: 0, #queue-req: 0, #pending-token: 51979, cuda graph: True, input throughput (token/s): 507.07
[2026-09-25 18:13:30] Prefill batch, #new-seq: 1, #new-token: 1024, #cached-token: 0, full token usage: 0.55, mamba usage: 0.80, #running-req: 0, #queue-req: 0, #pending-token: 50955, cuda graph: True, input throughput (token/s): 504.48
[2026-09-25 18:13:32] Prefill batch, #new-seq: 1, #new-token: 1024, #cached-token: 0, full token usage: 0.55, mamba usage: 0.80, #running-req: 0, #queue-req: 0, #pending-token: 49931, cuda graph: True, input throughput (token/s): 504.56
[2026-09-25 18:13:34] Prefill batch, #new-seq: 1, #new-token: 1024, #cached-token: 0, full token usage: 0.56, mamba usage: 0.80, #running-req: 0, #queue-req: 0, #pending-token: 48907, cuda graph: True, input throughput (token/s): 502.99
[2026-09-25 18:13:36] Prefill batch, #new-seq: 1, #new-token: 1024, #cached-token: 0, full token usage: 0.56, mamba usage: 0.80, #running-req: 0, #queue-req: 0, #pending-token: 47883, cuda graph: True, input throughput (token/s): 500.72
[2026-09-25 18:13:38] Prefill batch, #new-seq: 1, #new-token: 1024, #cached-token: 0, full token usage: 0.57, mamba usage: 0.80, #running-req: 0, #queue-req: 0, #pending-token: 46859, cuda graph: True, input throughput (token/s): 498.63
[2026-09-25 18:13:40] Prefill batch, #new-seq: 1, #new-token: 1024, #cached-token: 0, full token usage: 0.57, mamba usage: 0.80, #running-req: 0, #queue-req: 0, #pending-token: 45835, cuda graph: True, input throughput (token/s): 497.13
[2026-09-25 18:13:42] Prefill batch, #new-seq: 1, #new-token: 1024, #cached-token: 0, full token usage: 0.58, mamba usage: 0.80, #running-req: 0, #queue-req: 0, #pending-token: 44811, cuda graph: True, input throughput (token/s): 495.16
[2026-09-25 18:13:44] Prefill batch, #new-seq: 1, #new-token: 1024, #cached-token: 0, full token usage: 0.58, mamba usage: 0.80, #running-req: 0, #queue-req: 0, #pending-token: 43787, cuda graph: True, input throughput (token/s): 493.29
[2026-09-25 18:13:46] Prefill batch, #new-seq: 1, #new-token: 1024, #cached-token: 0, full token usage: 0.59, mamba usage: 0.80, #running-req: 0, #queue-req: 0, #pending-token: 42763, cuda graph: True, input throughput (token/s): 491.01
[2026-09-25 18:13:49] Prefill batch, #new-seq: 1, #new-token: 1024, #cached-token: 0, full token usage: 0.59, mamba usage: 0.80, #running-req: 0, #queue-req: 0, #pending-token: 41739, cuda graph: True, input throughput (token/s): 488.94
[2026-09-25 18:13:51] Prefill batch, #new-seq: 1, #new-token: 1024, #cached-token: 0, full token usage: 0.60, mamba usage: 0.80, #running-req: 0, #queue-req: 0, #pending-token: 40715, cuda graph: True, input throughput (token/s): 487.11
[2026-09-25 18:13:53] Prefill batch, #new-seq: 1, #new-token: 1024, #cached-token: 0, full token usage: 0.60, mamba usage: 0.80, #running-req: 0, #queue-req: 0, #pending-token: 39691, cuda graph: True, input throughput (token/s): 485.15
[2026-09-25 18:13:55] Prefill batch, #new-seq: 1, #new-token: 1024, #cached-token: 0, full token usage: 0.61, mamba usage: 0.80, #running-req: 0, #queue-req: 0, #pending-token: 38667, cuda graph: True, input throughput (token/s): 483.31
[2026-09-25 18:13:57] Prefill batch, #new-seq: 1, #new-token: 1024, #cached-token: 0, full token usage: 0.61, mamba usage: 0.80, #running-req: 0, #queue-req: 0, #pending-token: 37643, cuda graph: True, input throughput (token/s): 481.53
[2026-09-25 18:13:59] Prefill batch, #new-seq: 1, #new-token: 1024, #cached-token: 0, full token usage: 0.62, mamba usage: 0.80, #running-req: 0, #queue-req: 0, #pending-token: 36619, cuda graph: True, input throughput (token/s): 479.06
[2026-09-25 18:14:01] Prefill batch, #new-seq: 1, #new-token: 1024, #cached-token: 0, full token usage: 0.62, mamba usage: 0.80, #running-req: 0, #queue-req: 0, #pending-token: 35595, cuda graph: True, input throughput (token/s): 477.63
[2026-09-25 18:14:03] Prefill batch, #new-seq: 1, #new-token: 1024, #cached-token: 0, full token usage: 0.63, mamba usage: 0.80, #running-req: 0, #queue-req: 0, #pending-token: 34571, cuda graph: True, input throughput (token/s): 475.78
[2026-09-25 18:14:06] Prefill batch, #new-seq: 1, #new-token: 1024, #cached-token: 0, full token usage: 0.63, mamba usage: 0.80, #running-req: 0, #queue-req: 0, #pending-token: 33547, cuda graph: True, input throughput (token/s): 473.87
[2026-09-25 18:14:08] Prefill batch, #new-seq: 1, #new-token: 1024, #cached-token: 0, full token usage: 0.63, mamba usage: 0.80, #running-req: 0, #queue-req: 0, #pending-token: 32523, cuda graph: True, input throughput (token/s): 471.37
[2026-09-25 18:14:10] Prefill batch, #new-seq: 1, #new-token: 1024, #cached-token: 0, full token usage: 0.64, mamba usage: 0.80, #running-req: 0, #queue-req: 0, #pending-token: 31499, cuda graph: True, input throughput (token/s): 470.32
[2026-09-25 18:14:12] Prefill batch, #new-seq: 1, #new-token: 1024, #cached-token: 0, full token usage: 0.64, mamba usage: 0.80, #running-req: 0, #queue-req: 0, #pending-token: 30475, cuda graph: True, input throughput (token/s): 468.25
[2026-09-25 18:14:14] Prefill batch, #new-seq: 1, #new-token: 1024, #cached-token: 0, full token usage: 0.65, mamba usage: 0.80, #running-req: 0, #queue-req: 0, #pending-token: 29451, cuda graph: True, input throughput (token/s): 466.01
[2026-09-25 18:14:17] Prefill batch, #new-seq: 1, #new-token: 1024, #cached-token: 0, full token usage: 0.65, mamba usage: 0.80, #running-req: 0, #queue-req: 0, #pending-token: 28427, cuda graph: True, input throughput (token/s): 463.73
[2026-09-25 18:14:19] Prefill batch, #new-seq: 1, #new-token: 1024, #cached-token: 0, full token usage: 0.66, mamba usage: 0.80, #running-req: 0, #queue-req: 0, #pending-token: 27403, cuda graph: True, input throughput (token/s): 461.97
[2026-09-25 18:14:21] Prefill batch, #new-seq: 1, #new-token: 1024, #cached-token: 0, full token usage: 0.66, mamba usage: 0.80, #running-req: 0, #queue-req: 0, #pending-token: 26379, cuda graph: True, input throughput (token/s): 459.50
[2026-09-25 18:14:23] Prefill batch, #new-seq: 1, #new-token: 1024, #cached-token: 0, full token usage: 0.67, mamba usage: 0.80, #running-req: 0, #queue-req: 0, #pending-token: 25355, cuda graph: True, input throughput (token/s): 458.49
[2026-09-25 18:14:26] Prefill batch, #new-seq: 1, #new-token: 1024, #cached-token: 0, full token usage: 0.67, mamba usage: 0.80, #running-req: 0, #queue-req: 0, #pending-token: 24331, cuda graph: True, input throughput (token/s): 455.99
[2026-09-25 18:14:28] Prefill batch, #new-seq: 1, #new-token: 1024, #cached-token: 0, full token usage: 0.68, mamba usage: 0.80, #running-req: 0, #queue-req: 0, #pending-token: 23307, cuda graph: True, input throughput (token/s): 453.80
[2026-09-25 18:14:30] Prefill batch, #new-seq: 1, #new-token: 1024, #cached-token: 0, full token usage: 0.68, mamba usage: 0.80, #running-req: 0, #queue-req: 0, #pending-token: 22283, cuda graph: True, input throughput (token/s): 452.68
[2026-09-25 18:14:32] Prefill batch, #new-seq: 1, #new-token: 1024, #cached-token: 0, full token usage: 0.69, mamba usage: 0.80, #running-req: 0, #queue-req: 0, #pending-token: 21259, cuda graph: True, input throughput (token/s): 450.22
[2026-09-25 18:14:35] Prefill batch, #new-seq: 1, #new-token: 1024, #cached-token: 0, full token usage: 0.69, mamba usage: 0.80, #running-req: 0, #queue-req: 0, #pending-token: 20235, cuda graph: True, input throughput (token/s): 447.88
[2026-09-25 18:14:37] Prefill batch, #new-seq: 1, #new-token: 1024, #cached-token: 0, full token usage: 0.70, mamba usage: 0.80, #running-req: 0, #queue-req: 0, #pending-token: 19211, cuda graph: True, input throughput (token/s): 445.78
[2026-09-25 18:14:39] Prefill batch, #new-seq: 1, #new-token: 1024, #cached-token: 0, full token usage: 0.70, mamba usage: 0.80, #running-req: 0, #queue-req: 0, #pending-token: 18187, cuda graph: True, input throughput (token/s): 440.96
[2026-09-25 18:14:42] Prefill batch, #new-seq: 1, #new-token: 1024, #cached-token: 0, full token usage: 0.71, mamba usage: 0.80, #running-req: 0, #queue-req: 0, #pending-token: 17163, cuda graph: True, input throughput (token/s): 441.10
[2026-09-25 18:14:44] Prefill batch, #new-seq: 1, #new-token: 1024, #cached-token: 0, full token usage: 0.71, mamba usage: 0.80, #running-req: 0, #queue-req: 0, #pending-token: 16139, cuda graph: True, input throughput (token/s): 434.59
[2026-09-25 18:14:46] Prefill batch, #new-seq: 1, #new-token: 1024, #cached-token: 0, full token usage: 0.72, mamba usage: 0.80, #running-req: 0, #queue-req: 0, #pending-token: 15115, cuda graph: True, input throughput (token/s): 436.23
[2026-09-25 18:14:49] Prefill batch, #new-seq: 1, #new-token: 1024, #cached-token: 0, full token usage: 0.72, mamba usage: 0.80, #running-req: 0, #queue-req: 0, #pending-token: 14091, cuda graph: True, input throughput (token/s): 433.15
[2026-09-25 18:14:51] Prefill batch, #new-seq: 1, #new-token: 1024, #cached-token: 0, full token usage: 0.73, mamba usage: 0.80, #running-req: 0, #queue-req: 0, #pending-token: 13067, cuda graph: True, input throughput (token/s): 431.01
[2026-09-25 18:14:53] Prefill batch, #new-seq: 1, #new-token: 1024, #cached-token: 0, full token usage: 0.73, mamba usage: 0.80, #running-req: 0, #queue-req: 0, #pending-token: 12043, cuda graph: True, input throughput (token/s): 430.53
[2026-09-25 18:14:56] Prefill batch, #new-seq: 1, #new-token: 1024, #cached-token: 0, full token usage: 0.74, mamba usage: 0.80, #running-req: 0, #queue-req: 0, #pending-token: 11019, cuda graph: True, input throughput (token/s): 429.58
[2026-09-25 18:14:58] Prefill batch, #new-seq: 1, #new-token: 1024, #cached-token: 0, full token usage: 0.74, mamba usage: 0.80, #running-req: 0, #queue-req: 0, #pending-token: 9995, cuda graph: True, input throughput (token/s): 427.81
[2026-09-25 18:15:01] Prefill batch, #new-seq: 1, #new-token: 1024, #cached-token: 0, full token usage: 0.75, mamba usage: 0.80, #running-req: 0, #queue-req: 0, #pending-token: 8971, cuda graph: True, input throughput (token/s): 424.81
[2026-09-25 18:15:03] Prefill batch, #new-seq: 1, #new-token: 1024, #cached-token: 0, full token usage: 0.75, mamba usage: 0.80, #running-req: 0, #queue-req: 0, #pending-token: 7947, cuda graph: True, input throughput (token/s): 423.59
[2026-09-25 18:15:05] Prefill batch, #new-seq: 1, #new-token: 1024, #cached-token: 0, full token usage: 0.75, mamba usage: 0.80, #running-req: 0, #queue-req: 0, #pending-token: 6923, cuda graph: True, input throughput (token/s): 422.38
[2026-09-25 18:15:08] Prefill batch, #new-seq: 1, #new-token: 1024, #cached-token: 0, full token usage: 0.76, mamba usage: 0.80, #running-req: 0, #queue-req: 0, #pending-token: 5899, cuda graph: True, input throughput (token/s): 421.38
[2026-09-25 18:15:10] Prefill batch, #new-seq: 1, #new-token: 1024, #cached-token: 0, full token usage: 0.76, mamba usage: 0.80, #running-req: 0, #queue-req: 0, #pending-token: 4875, cuda graph: True, input throughput (token/s): 420.08
[2026-09-25 18:15:13] Prefill batch, #new-seq: 1, #new-token: 1024, #cached-token: 0, full token usage: 0.77, mamba usage: 0.80, #running-req: 0, #queue-req: 0, #pending-token: 3851, cuda graph: True, input throughput (token/s): 418.23
[2026-09-25 18:15:15] Prefill batch, #new-seq: 1, #new-token: 1024, #cached-token: 0, full token usage: 0.77, mamba usage: 0.80, #running-req: 0, #queue-req: 0, #pending-token: 2827, cuda graph: True, input throughput (token/s): 416.40
[2026-09-25 18:15:18] Prefill batch, #new-seq: 1, #new-token: 1024, #cached-token: 0, full token usage: 0.78, mamba usage: 0.80, #running-req: 0, #queue-req: 0, #pending-token: 1803, cuda graph: True, input throughput (token/s): 415.38
[2026-09-25 18:15:20] Prefill batch, #new-seq: 1, #new-token: 1024, #cached-token: 0, full token usage: 0.78, mamba usage: 0.80, #running-req: 0, #queue-req: 0, #pending-token: 779, cuda graph: True, input throughput (token/s): 495.40
[2026-09-25 18:15:20] Prefill batch, #new-seq: 1, #new-token: 779, #cached-token: 0, full token usage: 0.78, mamba usage: 0.80, #running-req: 0, #queue-req: 0, #pending-token: 0, cuda graph: True, input throughput (token/s): 7783.07
[2026-09-25 18:15:21] INFO:     143.244.47.69:51437 - "POST /v1/chat/completions HTTP/1.1" 200 OK
[2026-09-25 18:15:21] Prefill batch, #new-seq: 1, #new-token: 67, #cached-token: 0, full token usage: 0.00, mamba usage: 0.80, #running-req: 0, #queue-req: 0, #pending-token: 0, cuda graph: True, input throughput (token/s): 52.22
[2026-09-25 18:15:21] Decode batch, #running-req: 1, #full token: 104, full token usage: 0.00, mamba num: 4, mamba usage: 0.80, accept len: 3.08, accept rate: 0.69, cuda graph: True, gen throughput (token/s): 0.43, #queue-req: 0
[2026-09-25 18:15:22] Decode batch, #running-req: 1, #full token: 203, full token usage: 0.00, mamba num: 4, mamba usage: 0.80, accept len: 2.45, accept rate: 0.48, cuda graph: True, gen throughput (token/s): 106.32, #queue-req: 0
[2026-09-25 18:15:23] Decode batch, #running-req: 1, #full token: 275, full token usage: 0.00, mamba num: 4, mamba usage: 0.80, accept len: 1.82, accept rate: 0.28, cuda graph: True, gen throughput (token/s): 79.05, #queue-req: 0
[2026-09-25 18:15:24] Decode batch, #running-req: 1, #full token: 346, full token usage: 0.00, mamba num: 4, mamba usage: 0.80, accept len: 1.77, accept rate: 0.26, cuda graph: True, gen throughput (token/s): 76.78, #queue-req: 0
[2026-09-25 18:15:25] Decode batch, #running-req: 1, #full token: 414, full token usage: 0.00, mamba num: 4, mamba usage: 0.80, accept len: 1.73, accept rate: 0.24, cuda graph: True, gen throughput (token/s): 75.11, #queue-req: 0
[2026-09-25 18:15:26] Decode batch, #running-req: 1, #full token: 498, full token usage: 0.00, mamba num: 4, mamba usage: 0.80, accept len: 2.10, accept rate: 0.37, cuda graph: True, gen throughput (token/s): 91.49, #queue-req: 0
[2026-09-25 18:15:27] Decode batch, #running-req: 1, #full token: 574, full token usage: 0.00, mamba num: 4, mamba usage: 0.80, accept len: 1.85, accept rate: 0.28, cuda graph: True, gen throughput (token/s): 80.03, #queue-req: 0
[2026-09-25 18:15:28] Decode batch, #running-req: 1, #full token: 650, full token usage: 0.00, mamba num: 4, mamba usage: 0.80, accept len: 1.95, accept rate: 0.32, cuda graph: True, gen throughput (token/s): 84.68, #queue-req: 0
[2026-09-25 18:15:29] Decode batch, #running-req: 1, #full token: 726, full token usage: 0.00, mamba num: 4, mamba usage: 0.80, accept len: 1.90, accept rate: 0.30, cuda graph: True, gen throughput (token/s): 82.60, #queue-req: 0
[2026-09-25 18:15:30] Decode batch, #running-req: 1, #full token: 795, full token usage: 0.00, mamba num: 4, mamba usage: 0.80, accept len: 1.68, accept rate: 0.23, cuda graph: True, gen throughput (token/s): 72.04, #queue-req: 0
[2026-09-25 18:15:31] Decode batch, #running-req: 1, #full token: 872, full token usage: 0.00, mamba num: 4, mamba usage: 0.80, accept len: 1.93, accept rate: 0.31, cuda graph: True, gen throughput (token/s): 83.34, #queue-req: 0
[2026-09-25 18:15:31] Decode batch, #running-req: 1, #full token: 950, full token usage: 0.00, mamba num: 4, mamba usage: 0.80, accept len: 1.98, accept rate: 0.33, cuda graph: True, gen throughput (token/s): 86.48, #queue-req: 0
[2026-09-25 18:15:32] Decode batch, #running-req: 1, #full token: 1035, full token usage: 0.00, mamba num: 4, mamba usage: 0.80, accept len: 2.10, accept rate: 0.37, cuda graph: True, gen throughput (token/s): 91.81, #queue-req: 0
[2026-09-25 18:15:33] Decode batch, #running-req: 1, #full token: 1124, full token usage: 0.01, mamba num: 4, mamba usage: 0.80, accept len: 2.30, accept rate: 0.43, cuda graph: True, gen throughput (token/s): 99.10, #queue-req: 0
[2026-09-25 18:15:34] Decode batch, #running-req: 1, #full token: 1223, full token usage: 0.01, mamba num: 4, mamba usage: 0.80, accept len: 2.42, accept rate: 0.47, cuda graph: True, gen throughput (token/s): 105.92, #queue-req: 0
[2026-09-25 18:15:35] Decode batch, #running-req: 1, #full token: 1326, full token usage: 0.01, mamba num: 4, mamba usage: 0.80, accept len: 2.62, accept rate: 0.54, cuda graph: True, gen throughput (token/s): 113.50, #queue-req: 0
[2026-09-25 18:15:36] Decode batch, #running-req: 1, #full token: 1482, full token usage: 0.01, mamba num: 4, mamba usage: 0.80, accept len: 3.90, accept rate: 0.97, cuda graph: True, gen throughput (token/s): 169.70, #queue-req: 0
[2026-09-25 18:15:37] Decode batch, #running-req: 1, #full token: 1638, full token usage: 0.01, mamba num: 4, mamba usage: 0.80, accept len: 3.90, accept rate: 0.97, cuda graph: True, gen throughput (token/s): 169.09, #queue-req: 0
[2026-09-25 18:15:38] Decode batch, #running-req: 1, #full token: 1798, full token usage: 0.01, mamba num: 4, mamba usage: 0.80, accept len: 4.00, accept rate: 1.00, cuda graph: True, gen throughput (token/s): 174.38, #queue-req: 0
[2026-09-25 18:15:39] Decode batch, #running-req: 1, #full token: 1957, full token usage: 0.01, mamba num: 4, mamba usage: 0.80, accept len: 3.98, accept rate: 0.99, cuda graph: True, gen throughput (token/s): 171.17, #queue-req: 0
[2026-09-25 18:15:40] Decode batch, #running-req: 1, #full token: 2111, full token usage: 0.01, mamba num: 4, mamba usage: 0.80, accept len: 3.85, accept rate: 0.95, cuda graph: True, gen throughput (token/s): 167.48, #queue-req: 0
[2026-09-25 18:15:41] Decode batch, #running-req: 1, #full token: 2270, full token usage: 0.01, mamba num: 4, mamba usage: 0.80, accept len: 3.98, accept rate: 0.99, cuda graph: True, gen throughput (token/s): 172.94, #queue-req: 0
[2026-09-25 18:15:42] Decode batch, #running-req: 1, #full token: 2426, full token usage: 0.01, mamba num: 4, mamba usage: 0.80, accept len: 3.90, accept rate: 0.97, cuda graph: True, gen throughput (token/s): 169.56, #queue-req: 0
[2026-09-25 18:15:43] Decode batch, #running-req: 1, #full token: 2579, full token usage: 0.01, mamba num: 4, mamba usage: 0.80, accept len: 3.83, accept rate: 0.94, cuda graph: True, gen throughput (token/s): 164.64, #queue-req: 0
[2026-09-25 18:15:43] Decode batch, #running-req: 1, #full token: 2736, full token usage: 0.01, mamba num: 4, mamba usage: 0.80, accept len: 3.92, accept rate: 0.97, cuda graph: True, gen throughput (token/s): 168.48, #queue-req: 0
[2026-09-25 18:15:44] Decode batch, #running-req: 1, #full token: 2893, full token usage: 0.01, mamba num: 4, mamba usage: 0.80, accept len: 3.92, accept rate: 0.97, cuda graph: True, gen throughput (token/s): 167.91, #queue-req: 0
[2026-09-25 18:15:45] Decode batch, #running-req: 1, #full token: 3050, full token usage: 0.01, mamba num: 4, mamba usage: 0.80, accept len: 3.92, accept rate: 0.97, cuda graph: True, gen throughput (token/s): 164.20, #queue-req: 0
[2026-09-25 18:15:46] Decode batch, #running-req: 1, #full token: 3210, full token usage: 0.02, mamba num: 4, mamba usage: 0.80, accept len: 4.00, accept rate: 1.00, cuda graph: True, gen throughput (token/s): 171.18, #queue-req: 0
[2026-09-25 18:15:47] Decode batch, #running-req: 1, #full token: 3366, full token usage: 0.02, mamba num: 4, mamba usage: 0.80, accept len: 3.83, accept rate: 0.94, cuda graph: True, gen throughput (token/s): 162.21, #queue-req: 0
[2026-09-25 18:15:48] Decode batch, #running-req: 1, #full token: 3523, full token usage: 0.02, mamba num: 4, mamba usage: 0.80, accept len: 4.00, accept rate: 1.00, cuda graph: True, gen throughput (token/s): 168.74, #queue-req: 0
[2026-09-25 18:15:49] Decode batch, #running-req: 1, #full token: 3683, full token usage: 0.02, mamba num: 4, mamba usage: 0.80, accept len: 3.98, accept rate: 0.99, cuda graph: True, gen throughput (token/s): 169.74, #queue-req: 0
[2026-09-25 18:15:50] Decode batch, #running-req: 1, #full token: 3840, full token usage: 0.02, mamba num: 4, mamba usage: 0.80, accept len: 3.95, accept rate: 0.98, cuda graph: True, gen throughput (token/s): 168.23, #queue-req: 0
[2026-09-25 18:15:51] Decode batch, #running-req: 1, #full token: 4000, full token usage: 0.02, mamba num: 4, mamba usage: 0.80, accept len: 4.00, accept rate: 1.00, cuda graph: True, gen throughput (token/s): 169.87, #queue-req: 0
[2026-09-25 18:15:52] Decode batch, #running-req: 1, #full token: 4159, full token usage: 0.02, mamba num: 4, mamba usage: 0.80, accept len: 3.98, accept rate: 0.99, cuda graph: True, gen throughput (token/s): 167.44, #queue-req: 0
[2026-09-25 18:15:53] Decode batch, #running-req: 1, #full token: 4317, full token usage: 0.02, mamba num: 4, mamba usage: 0.80, accept len: 3.95, accept rate: 0.98, cuda graph: True, gen throughput (token/s): 167.58, #queue-req: 0
[2026-09-25 18:15:54] Decode batch, #running-req: 1, #full token: 4472, full token usage: 0.02, mamba num: 4, mamba usage: 0.80, accept len: 3.88, accept rate: 0.96, cuda graph: True, gen throughput (token/s): 162.49, #queue-req: 0
[2026-09-25 18:15:55] Decode batch, #running-req: 1, #full token: 4628, full token usage: 0.02, mamba num: 4, mamba usage: 0.80, accept len: 3.90, accept rate: 0.97, cuda graph: True, gen throughput (token/s): 164.80, #queue-req: 0
[2026-09-25 18:15:56] Decode batch, #running-req: 1, #full token: 4785, full token usage: 0.02, mamba num: 4, mamba usage: 0.80, accept len: 3.92, accept rate: 0.97, cuda graph: True, gen throughput (token/s): 165.93, #queue-req: 0
[2026-09-25 18:15:57] Decode batch, #running-req: 1, #full token: 4943, full token usage: 0.02, mamba num: 4, mamba usage: 0.80, accept len: 3.95, accept rate: 0.98, cuda graph: True, gen throughput (token/s): 166.11, #queue-req: 0
[2026-09-25 18:15:58] Decode batch, #running-req: 1, #full token: 5102, full token usage: 0.02, mamba num: 4, mamba usage: 0.80, accept len: 3.98, accept rate: 0.99, cuda graph: True, gen throughput (token/s): 167.52, #queue-req: 0
[2026-09-25 18:15:59] Decode batch, #running-req: 1, #full token: 5257, full token usage: 0.02, mamba num: 4, mamba usage: 0.80, accept len: 3.88, accept rate: 0.96, cuda graph: True, gen throughput (token/s): 156.92, #queue-req: 0
[2026-09-25 18:16:00] Decode batch, #running-req: 1, #full token: 5414, full token usage: 0.03, mamba num: 4, mamba usage: 0.80, accept len: 3.92, accept rate: 0.97, cuda graph: True, gen throughput (token/s): 162.42, #queue-req: 0
[2026-09-25 18:16:01] Decode batch, #running-req: 1, #full token: 5525, full token usage: 0.03, mamba num: 4, mamba usage: 0.80, accept len: 2.73, accept rate: 0.57, cuda graph: True, gen throughput (token/s): 113.68, #queue-req: 0
[2026-09-25 18:16:01] Decode batch, #running-req: 1, #full token: 5608, full token usage: 0.03, mamba num: 4, mamba usage: 0.80, accept len: 2.10, accept rate: 0.37, cuda graph: True, gen throughput (token/s): 87.36, #queue-req: 0
[2026-09-25 18:16:02] Decode batch, #running-req: 1, #full token: 5746, full token usage: 0.03, mamba num: 4, mamba usage: 0.80, accept len: 3.48, accept rate: 0.82, cuda graph: True, gen throughput (token/s): 144.55, #queue-req: 0
[2026-09-25 18:16:03] Decode batch, #running-req: 1, #full token: 5899, full token usage: 0.03, mamba num: 4, mamba usage: 0.80, accept len: 3.83, accept rate: 0.94, cuda graph: True, gen throughput (token/s): 156.32, #queue-req: 0
[2026-09-25 18:16:04] Decode batch, #running-req: 1, #full token: 6054, full token usage: 0.03, mamba num: 4, mamba usage: 0.80, accept len: 3.88, accept rate: 0.96, cuda graph: True, gen throughput (token/s): 159.56, #queue-req: 0
[2026-09-25 18:16:05] Decode batch, #running-req: 1, #full token: 6212, full token usage: 0.03, mamba num: 4, mamba usage: 0.80, accept len: 3.95, accept rate: 0.98, cuda graph: True, gen throughput (token/s): 162.63, #queue-req: 0
[2026-09-25 18:16:06] Decode batch, #running-req: 1, #full token: 6368, full token usage: 0.03, mamba num: 4, mamba usage: 0.80, accept len: 3.85, accept rate: 0.95, cuda graph: True, gen throughput (token/s): 158.90, #queue-req: 0
[2026-09-25 18:16:07] Decode batch, #running-req: 1, #full token: 6526, full token usage: 0.03, mamba num: 4, mamba usage: 0.80, accept len: 4.00, accept rate: 1.00, cuda graph: True, gen throughput (token/s): 162.82, #queue-req: 0
[2026-09-25 18:16:08] Decode batch, #running-req: 1, #full token: 6639, full token usage: 0.03, mamba num: 4, mamba usage: 0.80, accept len: 2.83, accept rate: 0.61, cuda graph: True, gen throughput (token/s): 115.35, #queue-req: 0
[2026-09-25 18:16:09] Decode batch, #running-req: 1, #full token: 6798, full token usage: 0.03, mamba num: 4, mamba usage: 0.80, accept len: 3.98, accept rate: 0.99, cuda graph: True, gen throughput (token/s): 163.08, #queue-req: 0
[2026-09-25 18:16:10] Decode batch, #running-req: 1, #full token: 6955, full token usage: 0.03, mamba num: 4, mamba usage: 0.80, accept len: 3.92, accept rate: 0.97, cuda graph: True, gen throughput (token/s): 159.77, #queue-req: 0
[2026-09-25 18:16:11] Decode batch, #running-req: 1, #full token: 7115, full token usage: 0.03, mamba num: 4, mamba usage: 0.80, accept len: 4.00, accept rate: 1.00, cuda graph: True, gen throughput (token/s): 163.99, #queue-req: 0
[2026-09-25 18:16:12] Decode batch, #running-req: 1, #full token: 7275, full token usage: 0.03, mamba num: 4, mamba usage: 0.80, accept len: 4.00, accept rate: 1.00, cuda graph: True, gen throughput (token/s): 163.80, #queue-req: 0
[2026-09-25 18:16:13] Decode batch, #running-req: 1, #full token: 7435, full token usage: 0.03, mamba num: 4, mamba usage: 0.80, accept len: 4.00, accept rate: 1.00, cuda graph: True, gen throughput (token/s): 164.65, #queue-req: 0
[2026-09-25 18:16:14] Decode batch, #running-req: 1, #full token: 7594, full token usage: 0.04, mamba num: 4, mamba usage: 0.80, accept len: 3.98, accept rate: 0.99, cuda graph: True, gen throughput (token/s): 160.70, #queue-req: 0
[2026-09-25 18:16:15] Decode batch, #running-req: 1, #full token: 7748, full token usage: 0.04, mamba num: 4, mamba usage: 0.80, accept len: 3.85, accept rate: 0.95, cuda graph: True, gen throughput (token/s): 156.58, #queue-req: 0
[2026-09-25 18:16:16] Decode batch, #running-req: 1, #full token: 7905, full token usage: 0.04, mamba num: 4, mamba usage: 0.80, accept len: 3.92, accept rate: 0.97, cuda graph: True, gen throughput (token/s): 159.67, #queue-req: 0
[2026-09-25 18:16:17] Decode batch, #running-req: 1, #full token: 8063, full token usage: 0.04, mamba num: 4, mamba usage: 0.80, accept len: 3.95, accept rate: 0.98, cuda graph: True, gen throughput (token/s): 160.15, #queue-req: 0
[2026-09-25 18:16:18] Decode batch, #running-req: 1, #full token: 8221, full token usage: 0.04, mamba num: 4, mamba usage: 0.80, accept len: 3.95, accept rate: 0.98, cuda graph: True, gen throughput (token/s): 159.05, #queue-req: 0
[2026-09-25 18:16:19] Decode batch, #running-req: 1, #full token: 8379, full token usage: 0.04, mamba num: 4, mamba usage: 0.80, accept len: 3.95, accept rate: 0.98, cuda graph: True, gen throughput (token/s): 158.89, #queue-req: 0
[2026-09-25 18:16:20] Decode batch, #running-req: 1, #full token: 8537, full token usage: 0.04, mamba num: 4, mamba usage: 0.80, accept len: 3.95, accept rate: 0.98, cuda graph: True, gen throughput (token/s): 157.59, #queue-req: 0
[2026-09-25 18:16:21] Decode batch, #running-req: 1, #full token: 8689, full token usage: 0.04, mamba num: 4, mamba usage: 0.80, accept len: 3.80, accept rate: 0.93, cuda graph: True, gen throughput (token/s): 151.70, #queue-req: 0
[2026-09-25 18:16:22] Decode batch, #running-req: 1, #full token: 8848, full token usage: 0.04, mamba num: 4, mamba usage: 0.80, accept len: 3.98, accept rate: 0.99, cuda graph: True, gen throughput (token/s): 160.19, #queue-req: 0
[2026-09-25 18:16:23] Decode batch, #running-req: 1, #full token: 9004, full token usage: 0.04, mamba num: 4, mamba usage: 0.80, accept len: 3.90, accept rate: 0.97, cuda graph: True, gen throughput (token/s): 156.67, #queue-req: 0
[2026-09-25 18:16:24] Decode batch, #running-req: 1, #full token: 9163, full token usage: 0.04, mamba num: 4, mamba usage: 0.80, accept len: 3.98, accept rate: 0.99, cuda graph: True, gen throughput (token/s): 161.19, #queue-req: 0
[2026-09-25 18:16:25] Decode batch, #running-req: 1, #full token: 9313, full token usage: 0.04, mamba num: 4, mamba usage: 0.80, accept len: 3.75, accept rate: 0.92, cuda graph: True, gen throughput (token/s): 151.40, #queue-req: 0
[2026-09-25 18:16:26] Decode batch, #running-req: 1, #full token: 9473, full token usage: 0.04, mamba num: 4, mamba usage: 0.80, accept len: 4.00, accept rate: 1.00, cuda graph: True, gen throughput (token/s): 158.96, #queue-req: 0
[2026-09-25 18:16:27] Decode batch, #running-req: 1, #full token: 9627, full token usage: 0.05, mamba num: 4, mamba usage: 0.80, accept len: 3.85, accept rate: 0.95, cuda graph: True, gen throughput (token/s): 154.99, #queue-req: 0
[2026-09-25 18:16:28] Decode batch, #running-req: 1, #full token: 9783, full token usage: 0.05, mamba num: 4, mamba usage: 0.80, accept len: 3.90, accept rate: 0.97, cuda graph: True, gen throughput (token/s): 157.95, #queue-req: 0
[2026-09-25 18:16:29] Decode batch, #running-req: 1, #full token: 9942, full token usage: 0.05, mamba num: 4, mamba usage: 0.80, accept len: 3.98, accept rate: 0.99, cuda graph: True, gen throughput (token/s): 160.91, #queue-req: 0
[2026-09-25 18:16:30] Decode batch, #running-req: 1, #full token: 10097, full token usage: 0.05, mamba num: 4, mamba usage: 0.80, accept len: 3.88, accept rate: 0.96, cuda graph: True, gen throughput (token/s): 157.38, #queue-req: 0
[2026-09-25 18:16:31] Decode batch, #running-req: 1, #full token: 10256, full token usage: 0.05, mamba num: 4, mamba usage: 0.80, accept len: 3.98, accept rate: 0.99, cuda graph: True, gen throughput (token/s): 157.24, #queue-req: 0
[2026-09-25 18:16:32] Decode batch, #running-req: 1, #full token: 10415, full token usage: 0.05, mamba num: 4, mamba usage: 0.80, accept len: 3.98, accept rate: 0.99, cuda graph: True, gen throughput (token/s): 161.05, #queue-req: 0
[2026-09-25 18:16:33] Decode batch, #running-req: 1, #full token: 10572, full token usage: 0.05, mamba num: 4, mamba usage: 0.80, accept len: 3.92, accept rate: 0.97, cuda graph: True, gen throughput (token/s): 158.55, #queue-req: 0
[2026-09-25 18:16:34] Decode batch, #running-req: 1, #full token: 10725, full token usage: 0.05, mamba num: 4, mamba usage: 0.80, accept len: 3.83, accept rate: 0.94, cuda graph: True, gen throughput (token/s): 153.85, #queue-req: 0
[2026-09-25 18:16:35] Decode batch, #running-req: 1, #full token: 10815, full token usage: 0.05, mamba num: 4, mamba usage: 0.80, accept len: 2.25, accept rate: 0.42, cuda graph: True, gen throughput (token/s): 90.55, #queue-req: 0
[2026-09-25 18:16:36] Decode batch, #running-req: 1, #full token: 10905, full token usage: 0.05, mamba num: 4, mamba usage: 0.80, accept len: 2.20, accept rate: 0.40, cuda graph: True, gen throughput (token/s): 87.91, #queue-req: 0
[2026-09-25 18:16:37] Decode batch, #running-req: 1, #full token: 10992, full token usage: 0.05, mamba num: 4, mamba usage: 0.80, accept len: 2.20, accept rate: 0.40, cuda graph: True, gen throughput (token/s): 86.27, #queue-req: 0
[2026-09-25 18:16:38] Decode batch, #running-req: 1, #full token: 11084, full token usage: 0.05, mamba num: 4, mamba usage: 0.80, accept len: 2.33, accept rate: 0.44, cuda graph: True, gen throughput (token/s): 93.35, #queue-req: 0
[2026-09-25 18:16:39] Decode batch, #running-req: 1, #full token: 11168, full token usage: 0.05, mamba num: 4, mamba usage: 0.80, accept len: 2.02, accept rate: 0.34, cuda graph: True, gen throughput (token/s): 81.59, #queue-req: 0
[2026-09-25 18:16:40] Decode batch, #running-req: 1, #full token: 11261, full token usage: 0.05, mamba num: 4, mamba usage: 0.80, accept len: 2.33, accept rate: 0.44, cuda graph: True, gen throughput (token/s): 91.57, #queue-req: 0
[2026-09-25 18:16:41] Decode batch, #running-req: 1, #full token: 11327, full token usage: 0.05, mamba num: 4, mamba usage: 0.80, accept len: 1.73, accept rate: 0.24, cuda graph: True, gen throughput (token/s): 69.66, #queue-req: 0
[2026-09-25 18:16:42] Decode batch, #running-req: 1, #full token: 11486, full token usage: 0.05, mamba num: 4, mamba usage: 0.80, accept len: 3.98, accept rate: 0.99, cuda graph: True, gen throughput (token/s): 160.72, #queue-req: 0
[2026-09-25 18:16:43] Decode batch, #running-req: 1, #full token: 11626, full token usage: 0.05, mamba num: 4, mamba usage: 0.80, accept len: 3.50, accept rate: 0.83, cuda graph: True, gen throughput (token/s): 141.68, #queue-req: 0
[2026-09-25 18:16:44] Decode batch, #running-req: 1, #full token: 11779, full token usage: 0.06, mamba num: 4, mamba usage: 0.80, accept len: 3.83, accept rate: 0.94, cuda graph: True, gen throughput (token/s): 152.46, #queue-req: 0
[2026-09-25 18:16:45] Decode batch, #running-req: 1, #full token: 11937, full token usage: 0.06, mamba num: 4, mamba usage: 0.80, accept len: 3.95, accept rate: 0.98, cuda graph: True, gen throughput (token/s): 158.81, #queue-req: 0
[2026-09-25 18:16:46] Decode batch, #running-req: 1, #full token: 12062, full token usage: 0.06, mamba num: 4, mamba usage: 0.80, accept len: 3.12, accept rate: 0.71, cuda graph: True, gen throughput (token/s): 125.40, #queue-req: 0
[2026-09-25 18:16:47] Decode batch, #running-req: 1, #full token: 12211, full token usage: 0.06, mamba num: 4, mamba usage: 0.80, accept len: 3.73, accept rate: 0.91, cuda graph: True, gen throughput (token/s): 150.12, #queue-req: 0
[2026-09-25 18:16:48] Decode batch, #running-req: 1, #full token: 12360, full token usage: 0.06, mamba num: 4, mamba usage: 0.80, accept len: 3.73, accept rate: 0.91, cuda graph: True, gen throughput (token/s): 150.19, #queue-req: 0
[2026-09-25 18:16:49] Decode batch, #running-req: 1, #full token: 12473, full token usage: 0.06, mamba num: 4, mamba usage: 0.80, accept len: 2.75, accept rate: 0.58, cuda graph: True, gen throughput (token/s): 109.49, #queue-req: 0
[2026-09-25 18:16:50] Decode batch, #running-req: 1, #full token: 12578, full token usage: 0.06, mamba num: 4, mamba usage: 0.80, accept len: 2.70, accept rate: 0.57, cuda graph: True, gen throughput (token/s): 109.01, #queue-req: 0
[2026-09-25 18:16:51] Decode batch, #running-req: 1, #full token: 12738, full token usage: 0.06, mamba num: 4, mamba usage: 0.80, accept len: 4.00, accept rate: 1.00, cuda graph: True, gen throughput (token/s): 159.85, #queue-req: 0
[2026-09-25 18:16:52] Decode batch, #running-req: 1, #full token: 12887, full token usage: 0.06, mamba num: 4, mamba usage: 0.80, accept len: 3.73, accept rate: 0.91, cuda graph: True, gen throughput (token/s): 150.29, #queue-req: 0
[2026-09-25 18:16:53] Decode batch, #running-req: 1, #full token: 13047, full token usage: 0.06, mamba num: 4, mamba usage: 0.80, accept len: 4.00, accept rate: 1.00, cuda graph: True, gen throughput (token/s): 162.26, #queue-req: 0
[2026-09-25 18:16:54] Decode batch, #running-req: 1, #full token: 13180, full token usage: 0.06, mamba num: 4, mamba usage: 0.80, accept len: 3.33, accept rate: 0.78, cuda graph: True, gen throughput (token/s): 134.97, #queue-req: 0
[2026-09-25 18:16:55] Decode batch, #running-req: 1, #full token: 13333, full token usage: 0.06, mamba num: 4, mamba usage: 0.80, accept len: 3.83, accept rate: 0.94, cuda graph: True, gen throughput (token/s): 153.73, #queue-req: 0
[2026-09-25 18:16:56] Decode batch, #running-req: 1, #full token: 13436, full token usage: 0.06, mamba num: 4, mamba usage: 0.80, accept len: 2.52, accept rate: 0.51, cuda graph: True, gen throughput (token/s): 101.44, #queue-req: 0
[2026-09-25 18:16:57] Decode batch, #running-req: 1, #full token: 13546, full token usage: 0.06, mamba num: 4, mamba usage: 0.80, accept len: 2.80, accept rate: 0.60, cuda graph: True, gen throughput (token/s): 110.83, #queue-req: 0
[2026-09-25 18:16:58] Decode batch, #running-req: 1, #full token: 13697, full token usage: 0.06, mamba num: 4, mamba usage: 0.80, accept len: 3.75, accept rate: 0.92, cuda graph: True, gen throughput (token/s): 151.14, #queue-req: 0
[2026-09-25 18:16:59] Decode batch, #running-req: 1, #full token: 13796, full token usage: 0.06, mamba num: 4, mamba usage: 0.80, accept len: 2.50, accept rate: 0.50, cuda graph: True, gen throughput (token/s): 100.58, #queue-req: 0
[2026-09-25 18:17:00] Decode batch, #running-req: 1, #full token: 13948, full token usage: 0.07, mamba num: 4, mamba usage: 0.80, accept len: 3.80, accept rate: 0.93, cuda graph: True, gen throughput (token/s): 151.43, #queue-req: 0
[2026-09-25 18:17:01] Decode batch, #running-req: 1, #full token: 14090, full token usage: 0.07, mamba num: 4, mamba usage: 0.80, accept len: 3.48, accept rate: 0.82, cuda graph: True, gen throughput (token/s): 136.74, #queue-req: 0
[2026-09-25 18:17:02] Decode batch, #running-req: 1, #full token: 14218, full token usage: 0.07, mamba num: 4, mamba usage: 0.80, accept len: 3.23, accept rate: 0.74, cuda graph: True, gen throughput (token/s): 129.27, #queue-req: 0
[2026-09-25 18:17:03] Decode batch, #running-req: 1, #full token: 14369, full token usage: 0.07, mamba num: 4, mamba usage: 0.80, accept len: 3.83, accept rate: 0.94, cuda graph: True, gen throughput (token/s): 153.86, #queue-req: 0
[2026-09-25 18:17:04] Decode batch, #running-req: 1, #full token: 14508, full token usage: 0.07, mamba num: 4, mamba usage: 0.80, accept len: 3.48, accept rate: 0.82, cuda graph: True, gen throughput (token/s): 136.19, #queue-req: 0
[2026-09-25 18:17:05] Decode batch, #running-req: 1, #full token: 14662, full token usage: 0.07, mamba num: 4, mamba usage: 0.80, accept len: 3.85, accept rate: 0.95, cuda graph: True, gen throughput (token/s): 153.82, #queue-req: 0
[2026-09-25 18:17:06] Decode batch, #running-req: 1, #full token: 14774, full token usage: 0.07, mamba num: 4, mamba usage: 0.80, accept len: 2.73, accept rate: 0.57, cuda graph: True, gen throughput (token/s): 109.02, #queue-req: 0
[2026-09-25 18:17:07] Decode batch, #running-req: 1, #full token: 14918, full token usage: 0.07, mamba num: 4, mamba usage: 0.80, accept len: 3.67, accept rate: 0.89, cuda graph: True, gen throughput (token/s): 143.20, #queue-req: 0
[2026-09-25 18:17:08] Decode batch, #running-req: 1, #full token: 15074, full token usage: 0.07, mamba num: 4, mamba usage: 0.80, accept len: 3.90, accept rate: 0.97, cuda graph: True, gen throughput (token/s): 156.48, #queue-req: 0
[2026-09-25 18:17:09] Decode batch, #running-req: 1, #full token: 15188, full token usage: 0.07, mamba num: 4, mamba usage: 0.80, accept len: 2.85, accept rate: 0.62, cuda graph: True, gen throughput (token/s): 113.48, #queue-req: 0
[2026-09-25 18:17:10] Decode batch, #running-req: 1, #full token: 15344, full token usage: 0.07, mamba num: 4, mamba usage: 0.80, accept len: 3.90, accept rate: 0.97, cuda graph: True, gen throughput (token/s): 155.77, #queue-req: 0
[2026-09-25 18:17:11] Decode batch, #running-req: 1, #full token: 15471, full token usage: 0.07, mamba num: 4, mamba usage: 0.80, accept len: 3.17, accept rate: 0.72, cuda graph: True, gen throughput (token/s): 127.19, #queue-req: 0
[2026-09-25 18:17:12] Decode batch, #running-req: 1, #full token: 15627, full token usage: 0.07, mamba num: 4, mamba usage: 0.80, accept len: 3.90, accept rate: 0.97, cuda graph: True, gen throughput (token/s): 153.15, #queue-req: 0
[2026-09-25 18:17:13] Decode batch, #running-req: 1, #full token: 15776, full token usage: 0.07, mamba num: 4, mamba usage: 0.80, accept len: 3.73, accept rate: 0.91, cuda graph: True, gen throughput (token/s): 148.80, #queue-req: 0
[2026-09-25 18:17:14] Decode batch, #running-req: 1, #full token: 15903, full token usage: 0.07, mamba num: 4, mamba usage: 0.80, accept len: 3.17, accept rate: 0.72, cuda graph: True, gen throughput (token/s): 125.73, #queue-req: 0
[2026-09-25 18:17:15] Decode batch, #running-req: 1, #full token: 16055, full token usage: 0.08, mamba num: 4, mamba usage: 0.80, accept len: 3.80, accept rate: 0.93, cuda graph: True, gen throughput (token/s): 149.83, #queue-req: 0
[2026-09-25 18:17:16] Decode batch, #running-req: 1, #full token: 16206, full token usage: 0.08, mamba num: 4, mamba usage: 0.80, accept len: 3.77, accept rate: 0.93, cuda graph: True, gen throughput (token/s): 148.87, #queue-req: 0
[2026-09-25 18:17:17] Decode batch, #running-req: 1, #full token: 16361, full token usage: 0.08, mamba num: 4, mamba usage: 0.80, accept len: 3.88, accept rate: 0.96, cuda graph: True, gen throughput (token/s): 153.49, #queue-req: 0
[2026-09-25 18:17:18] Decode batch, #running-req: 1, #full token: 16506, full token usage: 0.08, mamba num: 4, mamba usage: 0.80, accept len: 3.62, accept rate: 0.88, cuda graph: True, gen throughput (token/s): 143.34, #queue-req: 0
[2026-09-25 18:17:19] Decode batch, #running-req: 1, #full token: 16664, full token usage: 0.08, mamba num: 4, mamba usage: 0.80, accept len: 3.95, accept rate: 0.98, cuda graph: True, gen throughput (token/s): 155.63, #queue-req: 0
[2026-09-25 18:17:20] Decode batch, #running-req: 1, #full token: 16812, full token usage: 0.08, mamba num: 4, mamba usage: 0.80, accept len: 3.70, accept rate: 0.90, cuda graph: True, gen throughput (token/s): 145.48, #queue-req: 0
[2026-09-25 18:17:21] Decode batch, #running-req: 1, #full token: 16972, full token usage: 0.08, mamba num: 4, mamba usage: 0.80, accept len: 4.00, accept rate: 1.00, cuda graph: True, gen throughput (token/s): 157.86, #queue-req: 0
[2026-09-25 18:17:22] Decode batch, #running-req: 1, #full token: 17105, full token usage: 0.08, mamba num: 4, mamba usage: 0.80, accept len: 3.33, accept rate: 0.78, cuda graph: True, gen throughput (token/s): 130.94, #queue-req: 0
[2026-09-25 18:17:23] Decode batch, #running-req: 1, #full token: 17261, full token usage: 0.08, mamba num: 4, mamba usage: 0.80, accept len: 3.90, accept rate: 0.97, cuda graph: True, gen throughput (token/s): 150.85, #queue-req: 0
[2026-09-25 18:17:24] Decode batch, #running-req: 1, #full token: 17379, full token usage: 0.08, mamba num: 4, mamba usage: 0.80, accept len: 2.95, accept rate: 0.65, cuda graph: True, gen throughput (token/s): 115.53, #queue-req: 0
[2026-09-25 18:17:25] Decode batch, #running-req: 1, #full token: 17532, full token usage: 0.08, mamba num: 4, mamba usage: 0.80, accept len: 3.83, accept rate: 0.94, cuda graph: True, gen throughput (token/s): 150.13, #queue-req: 0
[2026-09-25 18:17:26] Decode batch, #running-req: 1, #full token: 17659, full token usage: 0.08, mamba num: 4, mamba usage: 0.80, accept len: 3.12, accept rate: 0.71, cuda graph: True, gen throughput (token/s): 121.71, #queue-req: 0
[2026-09-25 18:17:27] Decode batch, #running-req: 1, #full token: 17778, full token usage: 0.08, mamba num: 4, mamba usage: 0.80, accept len: 3.02, accept rate: 0.68, cuda graph: True, gen throughput (token/s): 117.86, #queue-req: 0
[2026-09-25 18:17:28] Decode batch, #running-req: 1, #full token: 17934, full token usage: 0.08, mamba num: 4, mamba usage: 0.80, accept len: 3.90, accept rate: 0.97, cuda graph: True, gen throughput (token/s): 151.65, #queue-req: 0
[2026-09-25 18:17:29] Decode batch, #running-req: 1, #full token: 18079, full token usage: 0.08, mamba num: 4, mamba usage: 0.80, accept len: 3.62, accept rate: 0.88, cuda graph: True, gen throughput (token/s): 138.31, #queue-req: 0
[2026-09-25 18:17:30] Decode batch, #running-req: 1, #full token: 18227, full token usage: 0.09, mamba num: 4, mamba usage: 0.80, accept len: 3.70, accept rate: 0.90, cuda graph: True, gen throughput (token/s): 143.64, #queue-req: 0
[2026-09-25 18:17:31] Decode batch, #running-req: 1, #full token: 18371, full token usage: 0.09, mamba num: 4, mamba usage: 0.80, accept len: 3.60, accept rate: 0.87, cuda graph: True, gen throughput (token/s): 138.28, #queue-req: 0
[2026-09-25 18:17:32] Decode batch, #running-req: 1, #full token: 18529, full token usage: 0.09, mamba num: 4, mamba usage: 0.80, accept len: 3.95, accept rate: 0.98, cuda graph: True, gen throughput (token/s): 152.05, #queue-req: 0
[2026-09-25 18:17:34] Decode batch, #running-req: 1, #full token: 18665, full token usage: 0.09, mamba num: 4, mamba usage: 0.80, accept len: 3.40, accept rate: 0.80, cuda graph: True, gen throughput (token/s): 130.70, #queue-req: 0
[2026-09-25 18:17:35] Decode batch, #running-req: 1, #full token: 18808, full token usage: 0.09, mamba num: 4, mamba usage: 0.80, accept len: 3.58, accept rate: 0.86, cuda graph: True, gen throughput (token/s): 138.15, #queue-req: 0
[2026-09-25 18:17:36] Decode batch, #running-req: 1, #full token: 18952, full token usage: 0.09, mamba num: 4, mamba usage: 0.80, accept len: 3.60, accept rate: 0.87, cuda graph: True, gen throughput (token/s): 136.91, #queue-req: 0
[2026-09-25 18:17:37] Decode batch, #running-req: 1, #full token: 19112, full token usage: 0.09, mamba num: 4, mamba usage: 0.80, accept len: 4.00, accept rate: 1.00, cuda graph: True, gen throughput (token/s): 154.62, #queue-req: 0
[2026-09-25 18:17:38] Decode batch, #running-req: 1, #full token: 19252, full token usage: 0.09, mamba num: 4, mamba usage: 0.80, accept len: 3.48, accept rate: 0.82, cuda graph: True, gen throughput (token/s): 133.91, #queue-req: 0
[2026-09-25 18:17:39] Decode batch, #running-req: 1, #full token: 19379, full token usage: 0.09, mamba num: 4, mamba usage: 0.80, accept len: 3.12, accept rate: 0.71, cuda graph: True, gen throughput (token/s): 120.30, #queue-req: 0
[2026-09-25 18:17:40] Decode batch, #running-req: 1, #full token: 19497, full token usage: 0.09, mamba num: 4, mamba usage: 0.80, accept len: 3.02, accept rate: 0.68, cuda graph: True, gen throughput (token/s): 116.49, #queue-req: 0
[2026-09-25 18:17:41] Decode batch, #running-req: 1, #full token: 19641, full token usage: 0.09, mamba num: 4, mamba usage: 0.80, accept len: 3.60, accept rate: 0.87, cuda graph: True, gen throughput (token/s): 138.00, #queue-req: 0
[2026-09-25 18:17:42] Decode batch, #running-req: 1, #full token: 19786, full token usage: 0.09, mamba num: 4, mamba usage: 0.80, accept len: 3.62, accept rate: 0.88, cuda graph: True, gen throughput (token/s): 138.22, #queue-req: 0
[2026-09-25 18:17:43] Decode batch, #running-req: 1, #full token: 19943, full token usage: 0.09, mamba num: 4, mamba usage: 0.80, accept len: 3.92, accept rate: 0.97, cuda graph: True, gen throughput (token/s): 150.12, #queue-req: 0
[2026-09-25 18:17:44] Decode batch, #running-req: 1, #full token: 20053, full token usage: 0.09, mamba num: 4, mamba usage: 0.80, accept len: 2.75, accept rate: 0.58, cuda graph: True, gen throughput (token/s): 105.29, #queue-req: 0
[2026-09-25 18:17:45] Decode batch, #running-req: 1, #full token: 20145, full token usage: 0.09, mamba num: 4, mamba usage: 0.80, accept len: 2.30, accept rate: 0.43, cuda graph: True, gen throughput (token/s): 87.04, #queue-req: 0
[2026-09-25 18:17:46] Decode batch, #running-req: 1, #full token: 20301, full token usage: 0.10, mamba num: 4, mamba usage: 0.80, accept len: 3.90, accept rate: 0.97, cuda graph: True, gen throughput (token/s): 147.98, #queue-req: 0
[2026-09-25 18:17:47] Decode batch, #running-req: 1, #full token: 20444, full token usage: 0.10, mamba num: 4, mamba usage: 0.80, accept len: 3.58, accept rate: 0.86, cuda graph: True, gen throughput (token/s): 136.02, #queue-req: 0
[2026-09-25 18:17:48] Decode batch, #running-req: 1, #full token: 20603, full token usage: 0.10, mamba num: 4, mamba usage: 0.80, accept len: 3.98, accept rate: 0.99, cuda graph: True, gen throughput (token/s): 152.30, #queue-req: 0
[2026-09-25 18:17:49] Decode batch, #running-req: 1, #full token: 20756, full token usage: 0.10, mamba num: 4, mamba usage: 0.80, accept len: 3.83, accept rate: 0.94, cuda graph: True, gen throughput (token/s): 142.81, #queue-req: 0
[2026-09-25 18:17:50] Decode batch, #running-req: 1, #full token: 20893, full token usage: 0.10, mamba num: 4, mamba usage: 0.80, accept len: 3.38, accept rate: 0.79, cuda graph: True, gen throughput (token/s): 129.33, #queue-req: 0
[2026-09-25 18:17:51] Decode batch, #running-req: 1, #full token: 21003, full token usage: 0.10, mamba num: 4, mamba usage: 0.80, accept len: 2.80, accept rate: 0.60, cuda graph: True, gen throughput (token/s): 106.97, #queue-req: 0
[2026-09-25 18:17:52] Decode batch, #running-req: 1, #full token: 21150, full token usage: 0.10, mamba num: 4, mamba usage: 0.80, accept len: 3.67, accept rate: 0.89, cuda graph: True, gen throughput (token/s): 139.43, #queue-req: 0
[2026-09-25 18:17:53] Decode batch, #running-req: 1, #full token: 21304, full token usage: 0.10, mamba num: 4, mamba usage: 0.80, accept len: 3.85, accept rate: 0.95, cuda graph: True, gen throughput (token/s): 146.13, #queue-req: 0
[2026-09-25 18:17:54] Decode batch, #running-req: 1, #full token: 21461, full token usage: 0.10, mamba num: 4, mamba usage: 0.80, accept len: 3.92, accept rate: 0.97, cuda graph: True, gen throughput (token/s): 148.90, #queue-req: 0
[2026-09-25 18:17:56] Decode batch, #running-req: 1, #full token: 21619, full token usage: 0.10, mamba num: 4, mamba usage: 0.80, accept len: 3.95, accept rate: 0.98, cuda graph: True, gen throughput (token/s): 149.88, #queue-req: 0
[2026-09-25 18:17:57] Decode batch, #running-req: 1, #full token: 21777, full token usage: 0.10, mamba num: 4, mamba usage: 0.80, accept len: 3.95, accept rate: 0.98, cuda graph: True, gen throughput (token/s): 149.65, #queue-req: 0
[2026-09-25 18:17:58] Decode batch, #running-req: 1, #full token: 21935, full token usage: 0.10, mamba num: 4, mamba usage: 0.80, accept len: 3.95, accept rate: 0.98, cuda graph: True, gen throughput (token/s): 149.84, #queue-req: 0
[2026-09-25 18:17:59] Decode batch, #running-req: 1, #full token: 22091, full token usage: 0.10, mamba num: 4, mamba usage: 0.80, accept len: 3.90, accept rate: 0.97, cuda graph: True, gen throughput (token/s): 147.63, #queue-req: 0
[2026-09-25 18:18:00] Decode batch, #running-req: 1, #full token: 22249, full token usage: 0.10, mamba num: 4, mamba usage: 0.80, accept len: 3.95, accept rate: 0.98, cuda graph: True, gen throughput (token/s): 149.58, #queue-req: 0
[2026-09-25 18:18:01] Decode batch, #running-req: 1, #full token: 22409, full token usage: 0.11, mamba num: 4, mamba usage: 0.80, accept len: 4.00, accept rate: 1.00, cuda graph: True, gen throughput (token/s): 148.38, #queue-req: 0
[2026-09-25 18:18:02] Decode batch, #running-req: 1, #full token: 22548, full token usage: 0.11, mamba num: 4, mamba usage: 0.80, accept len: 3.48, accept rate: 0.82, cuda graph: True, gen throughput (token/s): 131.26, #queue-req: 0
[2026-09-25 18:18:03] Decode batch, #running-req: 1, #full token: 22708, full token usage: 0.11, mamba num: 4, mamba usage: 0.80, accept len: 4.00, accept rate: 1.00, cuda graph: True, gen throughput (token/s): 151.04, #queue-req: 0
[2026-09-25 18:18:04] Decode batch, #running-req: 1, #full token: 22822, full token usage: 0.11, mamba num: 4, mamba usage: 0.80, accept len: 2.85, accept rate: 0.62, cuda graph: True, gen throughput (token/s): 107.88, #queue-req: 0
[2026-09-25 18:18:05] Decode batch, #running-req: 1, #full token: 22978, full token usage: 0.11, mamba num: 4, mamba usage: 0.80, accept len: 3.90, accept rate: 0.97, cuda graph: True, gen throughput (token/s): 147.43, #queue-req: 0
[2026-09-25 18:18:06] Decode batch, #running-req: 1, #full token: 23136, full token usage: 0.11, mamba num: 4, mamba usage: 0.80, accept len: 3.95, accept rate: 0.98, cuda graph: True, gen throughput (token/s): 148.94, #queue-req: 0
[2026-09-25 18:18:07] Decode batch, #running-req: 1, #full token: 23294, full token usage: 0.11, mamba num: 4, mamba usage: 0.80, accept len: 3.95, accept rate: 0.98, cuda graph: True, gen throughput (token/s): 148.50, #queue-req: 0
[2026-09-25 18:18:08] Decode batch, #running-req: 1, #full token: 23454, full token usage: 0.11, mamba num: 4, mamba usage: 0.80, accept len: 4.00, accept rate: 1.00, cuda graph: True, gen throughput (token/s): 149.57, #queue-req: 0
[2026-09-25 18:18:09] Decode batch, #running-req: 1, #full token: 23614, full token usage: 0.11, mamba num: 4, mamba usage: 0.80, accept len: 4.00, accept rate: 1.00, cuda graph: True, gen throughput (token/s): 150.30, #queue-req: 0
[2026-09-25 18:18:10] Decode batch, #running-req: 1, #full token: 23774, full token usage: 0.11, mamba num: 4, mamba usage: 0.80, accept len: 4.00, accept rate: 1.00, cuda graph: True, gen throughput (token/s): 149.60, #queue-req: 0
[2026-09-25 18:18:11] Decode batch, #running-req: 1, #full token: 23933, full token usage: 0.11, mamba num: 4, mamba usage: 0.80, accept len: 3.98, accept rate: 0.99, cuda graph: True, gen throughput (token/s): 148.32, #queue-req: 0
[2026-09-25 18:18:13] Decode batch, #running-req: 1, #full token: 24090, full token usage: 0.11, mamba num: 4, mamba usage: 0.80, accept len: 3.92, accept rate: 0.97, cuda graph: True, gen throughput (token/s): 146.38, #queue-req: 0
[2026-09-25 18:18:14] Decode batch, #running-req: 1, #full token: 24247, full token usage: 0.11, mamba num: 4, mamba usage: 0.80, accept len: 3.92, accept rate: 0.97, cuda graph: True, gen throughput (token/s): 146.33, #queue-req: 0
[2026-09-25 18:18:15] Decode batch, #running-req: 1, #full token: 24405, full token usage: 0.11, mamba num: 4, mamba usage: 0.80, accept len: 3.95, accept rate: 0.98, cuda graph: True, gen throughput (token/s): 147.90, #queue-req: 0
[2026-09-25 18:18:16] Decode batch, #running-req: 1, #full token: 24565, full token usage: 0.12, mamba num: 4, mamba usage: 0.80, accept len: 4.00, accept rate: 1.00, cuda graph: True, gen throughput (token/s): 150.42, #queue-req: 0
[2026-09-25 18:18:17] Decode batch, #running-req: 1, #full token: 24725, full token usage: 0.12, mamba num: 4, mamba usage: 0.80, accept len: 4.00, accept rate: 1.00, cuda graph: True, gen throughput (token/s): 150.23, #queue-req: 0
[2026-09-25 18:18:18] Decode batch, #running-req: 1, #full token: 24843, full token usage: 0.12, mamba num: 4, mamba usage: 0.80, accept len: 2.92, accept rate: 0.64, cuda graph: True, gen throughput (token/s): 109.88, #queue-req: 0
[2026-09-25 18:18:19] Decode batch, #running-req: 1, #full token: 24961, full token usage: 0.12, mamba num: 4, mamba usage: 0.80, accept len: 2.90, accept rate: 0.63, cuda graph: True, gen throughput (token/s): 109.02, #queue-req: 0
[2026-09-25 18:18:20] Decode batch, #running-req: 1, #full token: 25073, full token usage: 0.12, mamba num: 4, mamba usage: 0.80, accept len: 2.83, accept rate: 0.61, cuda graph: True, gen throughput (token/s): 106.19, #queue-req: 0
[2026-09-25 18:18:21] Decode batch, #running-req: 1, #full token: 25194, full token usage: 0.12, mamba num: 4, mamba usage: 0.80, accept len: 3.08, accept rate: 0.69, cuda graph: True, gen throughput (token/s): 115.64, #queue-req: 0
[2026-09-25 18:18:22] Decode batch, #running-req: 1, #full token: 25353, full token usage: 0.12, mamba num: 4, mamba usage: 0.80, accept len: 3.98, accept rate: 0.99, cuda graph: True, gen throughput (token/s): 149.61, #queue-req: 0
[2026-09-25 18:18:23] Decode batch, #running-req: 1, #full token: 25503, full token usage: 0.12, mamba num: 4, mamba usage: 0.80, accept len: 3.70, accept rate: 0.90, cuda graph: True, gen throughput (token/s): 139.19, #queue-req: 0
[2026-09-25 18:18:24] Decode batch, #running-req: 1, #full token: 25619, full token usage: 0.12, mamba num: 4, mamba usage: 0.80, accept len: 2.95, accept rate: 0.65, cuda graph: True, gen throughput (token/s): 111.07, #queue-req: 0
[2026-09-25 18:18:25] Decode batch, #running-req: 1, #full token: 25741, full token usage: 0.12, mamba num: 4, mamba usage: 0.80, accept len: 3.05, accept rate: 0.68, cuda graph: True, gen throughput (token/s): 114.68, #queue-req: 0
[2026-09-25 18:18:26] Decode batch, #running-req: 1, #full token: 25900, full token usage: 0.12, mamba num: 4, mamba usage: 0.80, accept len: 3.98, accept rate: 0.99, cuda graph: True, gen throughput (token/s): 149.61, #queue-req: 0
[2026-09-25 18:18:27] Decode batch, #running-req: 1, #full token: 26058, full token usage: 0.12, mamba num: 4, mamba usage: 0.80, accept len: 3.95, accept rate: 0.98, cuda graph: True, gen throughput (token/s): 148.45, #queue-req: 0
[2026-09-25 18:18:28] Decode batch, #running-req: 1, #full token: 26215, full token usage: 0.12, mamba num: 4, mamba usage: 0.80, accept len: 3.92, accept rate: 0.97, cuda graph: True, gen throughput (token/s): 147.25, #queue-req: 0
[2026-09-25 18:18:30] Decode batch, #running-req: 1, #full token: 26372, full token usage: 0.12, mamba num: 4, mamba usage: 0.80, accept len: 3.92, accept rate: 0.97, cuda graph: True, gen throughput (token/s): 146.41, #queue-req: 0
[2026-09-25 18:18:30] INFO:     143.244.47.69:52306 - "POST /v1/chat/completions HTTP/1.1" 200 OK

