 -- CPU split experts (worker, dynamic): model.language_model.layers.26.mlp [256..512) of 512
 -- CPU split experts (worker, dynamic): model.language_model.layers.27.mlp [256..512) of 512
 -- CPU split experts (worker, dynamic): model.language_model.layers.28.mlp [256..512) of 512
 -- CPU split experts (worker, dynamic): model.language_model.layers.29.mlp [256..512) of 512
 -- CPU split experts (worker, dynamic): model.language_model.layers.30.mlp [256..512) of 512
 -- CPU split experts (worker, dynamic): model.language_model.layers.31.mlp [256..512) of 512
 -- CPU split experts (worker, dynamic): model.language_model.layers.32.mlp [256..512) of 512
 -- CPU split experts (worker, dynamic): model.language_model.layers.33.mlp [256..512) of 512
 -- CPU split experts (worker, dynamic): model.language_model.layers.34.mlp [256..512) of 512
 -- CPU split experts (worker, dynamic): model.language_model.layers.35.mlp [256..512) of 512
 -- CPU split experts (worker, dynamic): model.language_model.layers.36.mlp [256..512) of 512
 -- CPU split experts (worker, dynamic): model.language_model.layers.37.mlp [256..512) of 512
 -- CPU split experts (worker, dynamic): model.language_model.layers.38.mlp [256..512) of 512
 -- CPU split experts (worker, dynamic): model.language_model.layers.39.mlp [256..512) of 512
 -- CPU split experts (worker, dynamic): model.language_model.layers.40.mlp [256..512) of 512
 -- CPU split experts (worker, dynamic): model.language_model.layers.41.mlp [256..512) of 512
 -- CPU split experts (worker, dynamic): model.language_model.layers.42.mlp [256..512) of 512
 -- CPU split experts (worker, dynamic): model.language_model.layers.43.mlp [256..512) of 512
 -- CPU split experts (worker, dynamic): model.language_model.layers.44.mlp [256..512) of 512
 -- CPU split experts (worker, dynamic): model.language_model.layers.45.mlp [256..512) of 512
 -- CPU split experts (worker, dynamic): model.language_model.layers.46.mlp [256..512) of 512
 -- CPU split experts (worker, dynamic): model.language_model.layers.47.mlp [256..512) of 512
Loading vision modules ━━━━━━━━━━━━━━━━━━━━━━━━━━━━━━━━━━━━━━ 100% 30/30 0:00:00
Loading draft modules  ━━━━━━━━━━━━━━━━━━━━━━━━━━━━━━━━━━━━━━ 100% 3/3   0:00:00
Loading model modules  ━━━━━━━━━━━━━━━━━━━━━━━━━━━━━━━━━━━━━━ 100% 53/53 0:00:00
10:27:47.554 INFO:     Model loaded in 52.3 s

10:27:47.555 WARNING:  Disabling authentication makes your instance vulnerable.
                       Set the `disable_auth` flag to False in config.yml if you
                       want to share this instance with others.
10:27:47.555 WARNING:  With authentication disabled and `allowed_origins` left
                       at ["*"], any website open in a browser on this machine
                       can send requests to this instance and read the
                       responses, including admin endpoints. Set
                       `network.allowed_origins` to your own frontends (or [])
                       unless you use a browser-based frontend that needs it.
10:27:47.557 INFO:     Serving OAI API on http://0.0.0.0:5000 (docs at
                       http://0.0.0.0:5000/redoc)
10:27:52.164 INFO:     #4 chat/completions: 57 prompt tokens · temperature: 0,
                       greedy (req), max_tokens: 64 (req)
