[01:35:16] attempt 1: renting RTX PRO 4500 (vast), image ghcr.io/0xsero/tabbyapi-exl3
[01:35:18] vast 52151128 created, 0.35175925925925927 /h, gpu RTX PRO 4500
[01:35:29] vast status: success, running ghcr.io/0xsero/tabbyapi-exl3@sha256:0f83e6198dc3be2561652d8df2525a7d1a69733e12fc8e25cbc5bc319a8a3ad1
[01:37:23] waiting for /v1/models (125s, vast running success, running ghcr.io/0xsero/tabbyapi-exl3@sha256:0f83e6198dc3be2561652d8df25, container up)
[01:39:26] waiting for /v1/models (248s, vast running success, running ghcr.io/0xsero/tabbyapi-exl3@sha256:0f83e6198dc3be2561652d8df25, container up)
[01:41:29] waiting for /v1/models (371s, vast running success, running ghcr.io/0xsero/tabbyapi-exl3@sha256:0f83e6198dc3be2561652d8df25, container up)
[01:43:34] waiting for /v1/models (495s, vast running success, running ghcr.io/0xsero/tabbyapi-exl3@sha256:0f83e6198dc3be2561652d8df25, container up)
[01:45:38] waiting for /v1/models (620s, vast running success, running ghcr.io/0xsero/tabbyapi-exl3@sha256:0f83e6198dc3be2561652d8df25, container up)
[01:47:41] waiting for /v1/models (743s, vast running success, running ghcr.io/0xsero/tabbyapi-exl3@sha256:0f83e6198dc3be2561652d8df25, container up)
[01:49:45] waiting for /v1/models (867s, vast running success, running ghcr.io/0xsero/tabbyapi-exl3@sha256:0f83e6198dc3be2561652d8df25, container up)
[01:51:49] waiting for /v1/models (991s, vast running success, running ghcr.io/0xsero/tabbyapi-exl3@sha256:0f83e6198dc3be2561652d8df25, container up)
[01:53:52] waiting for /v1/models (1114s, vast running success, running ghcr.io/0xsero/tabbyapi-exl3@sha256:0f83e6198dc3be2561652d8df25, container up)
[01:55:56] waiting for /v1/models (1238s, vast running success, running ghcr.io/0xsero/tabbyapi-exl3@sha256:0f83e6198dc3be2561652d8df25, container up)
[01:58:00] waiting for /v1/models (1361s, vast running success, running ghcr.io/0xsero/tabbyapi-exl3@sha256:0f83e6198dc3be2561652d8df25, container up)
[02:00:06] waiting for /v1/models (1488s, vast running success, running ghcr.io/0xsero/tabbyapi-exl3@sha256:0f83e6198dc3be2561652d8df25, container up)
[02:02:11] waiting for /v1/models (1613s, vast running success, running ghcr.io/0xsero/tabbyapi-exl3@sha256:0f83e6198dc3be2561652d8df25, container up)
[02:04:14] waiting for /v1/models (1736s, vast running success, running ghcr.io/0xsero/tabbyapi-exl3@sha256:0f83e6198dc3be2561652d8df25, container up)
[02:06:19] waiting for /v1/models (1861s, vast running success, running ghcr.io/0xsero/tabbyapi-exl3@sha256:0f83e6198dc3be2561652d8df25, container up)
[02:08:23] waiting for /v1/models (1985s, vast running success, running ghcr.io/0xsero/tabbyapi-exl3@sha256:0f83e6198dc3be2561652d8df25, container up)
[02:10:27] waiting for /v1/models (2108s, vast running success, running ghcr.io/0xsero/tabbyapi-exl3@sha256:0f83e6198dc3be2561652d8df25, container up)
[02:12:31] waiting for /v1/models (2233s, vast running success, running ghcr.io/0xsero/tabbyapi-exl3@sha256:0f83e6198dc3be2561652d8df25, container up)
[02:14:35] waiting for /v1/models (2356s, vast running success, running ghcr.io/0xsero/tabbyapi-exl3@sha256:0f83e6198dc3be2561652d8df25, container up)
[02:16:39] waiting for /v1/models (2480s, vast running success, running ghcr.io/0xsero/tabbyapi-exl3@sha256:0f83e6198dc3be2561652d8df25, container up)
[02:18:43] waiting for /v1/models (2604s, vast running success, running ghcr.io/0xsero/tabbyapi-exl3@sha256:0f83e6198dc3be2561652d8df25, container up)
[02:20:48] waiting for /v1/models (2729s, vast running success, running ghcr.io/0xsero/tabbyapi-exl3@sha256:0f83e6198dc3be2561652d8df25, container up)
[02:22:51] waiting for /v1/models (2853s, vast running success, running ghcr.io/0xsero/tabbyapi-exl3@sha256:0f83e6198dc3be2561652d8df25, container up)
[02:23:14] vast 52151128 destroyed
[02:23:14] approx cost: 0.28 (48 min at 0.352/h)
[02:23:14] attempt 1: container not started after 2875s (vast ?)
[02:23:14] retrying on a different host
[02:23:14] attempt 2: renting RTX PRO 4500 (vast), image ghcr.io/0xsero/tabbyapi-exl3
no Vast offers for num_gpus=1 rentable=true verified=true gpu_name=RTX_PRO_4500 gpu_ram>=31 inet_down>=500 disk_space>=88 reliability>0.9 cuda_max_good>=13.2 dph_total<=1.0 geolocation notin [CN]
