[21:32:36] attempt 1: renting RTX 5060 Ti (vast), image ghcr.io/0xsero/tabbyapi-exl3
[21:32:39] vast 52127131 created, 0.20138888888888887 /h, gpu RTX 5060 Ti
[21:33:14] vast status: a68b988e875c: Verifying Checksum
a68b988e875c: Download complete
[21:33:25] vast status: dc3b7955d6c4: Verifying Checksum
dc3b7955d6c4: Download complete
[21:34:42] waiting for /v1/models (123s, vast loading dc3b7955d6c4: Download complete, container up)
[21:35:49] vast status: 4af393826573: Pull complete
[21:36:45] waiting for /v1/models (246s, vast loading 4af393826573: Pull complete, container up)
[21:38:36] vast status: 19ecffd1183d: Verifying Checksum
[21:38:48] vast status: ghcr.io/0xsero/tabbyapi-exl3@sha256:0f83e6198dc3be2561652d8df2525a7d1a69733e12fc8e25cbc5bc319a8a3ad1
[21:38:48] waiting for /v1/models (368s, vast loading ghcr.io/0xsero/tabbyapi-exl3@sha256:0f83e6198dc3be2561652d8df2525a7d1a69733e12fc, container up)
[21:38:59] vast status: success, running ghcr.io/0xsero/tabbyapi-exl3@sha256:0f83e6198dc3be2561652d8df2525a7d1a69733e12fc8e25cbc5bc319a8a3ad1
[21:41:02] waiting for /v1/models (503s, vast running success, running ghcr.io/0xsero/tabbyapi-exl3@sha256:0f83e6198dc3be2561652d8df25, container up)
[21:43:13] waiting for /v1/models (633s, vast running success, running ghcr.io/0xsero/tabbyapi-exl3@sha256:0f83e6198dc3be2561652d8df25, container up)
[21:45:17] waiting for /v1/models (755s, vast running success, running ghcr.io/0xsero/tabbyapi-exl3@sha256:0f83e6198dc3be2561652d8df25, container up)
[21:47:29] waiting for /v1/models (890s, vast running success, running ghcr.io/0xsero/tabbyapi-exl3@sha256:0f83e6198dc3be2561652d8df25, container up)
[21:49:33] waiting for /v1/models (1013s, vast running success, running ghcr.io/0xsero/tabbyapi-exl3@sha256:0f83e6198dc3be2561652d8df25, container up)
[21:51:44] waiting for /v1/models (1144s, vast running success, running ghcr.io/0xsero/tabbyapi-exl3@sha256:0f83e6198dc3be2561652d8df25, container up)
[21:53:48] waiting for /v1/models (1268s, vast running success, running ghcr.io/0xsero/tabbyapi-exl3@sha256:0f83e6198dc3be2561652d8df25, container up)
[21:55:59] waiting for /v1/models (1397s, vast running success, running ghcr.io/0xsero/tabbyapi-exl3@sha256:0f83e6198dc3be2561652d8df25, container up)
[21:58:10] waiting for /v1/models (1528s, vast running success, running ghcr.io/0xsero/tabbyapi-exl3@sha256:0f83e6198dc3be2561652d8df25, container up)
[22:00:21] waiting for /v1/models (1659s, vast running success, running ghcr.io/0xsero/tabbyapi-exl3@sha256:0f83e6198dc3be2561652d8df25, container up)
[22:02:32] waiting for /v1/models (1790s, vast running success, running ghcr.io/0xsero/tabbyapi-exl3@sha256:0f83e6198dc3be2561652d8df25, container up)
[22:04:31] waiting for /v1/models (1911s, vast running success, running ghcr.io/0xsero/tabbyapi-exl3@sha256:0f83e6198dc3be2561652d8df25, container up)
[22:06:34] waiting for /v1/models (2035s, vast running success, running ghcr.io/0xsero/tabbyapi-exl3@sha256:0f83e6198dc3be2561652d8df25, container up)
[22:08:42] waiting for /v1/models (2163s, vast running success, running ghcr.io/0xsero/tabbyapi-exl3@sha256:0f83e6198dc3be2561652d8df25, container up)
[22:10:56] waiting for /v1/models (2296s, vast running success, running ghcr.io/0xsero/tabbyapi-exl3@sha256:0f83e6198dc3be2561652d8df25, container up)
[22:13:10] waiting for /v1/models (2431s, vast running success, running ghcr.io/0xsero/tabbyapi-exl3@sha256:0f83e6198dc3be2561652d8df25, container up)
[22:15:21] waiting for /v1/models (2561s, vast running success, running ghcr.io/0xsero/tabbyapi-exl3@sha256:0f83e6198dc3be2561652d8df25, container up)
[22:17:24] waiting for /v1/models (2683s, vast running success, running ghcr.io/0xsero/tabbyapi-exl3@sha256:0f83e6198dc3be2561652d8df25, container up)
[22:19:36] waiting for /v1/models (2814s, vast running success, running ghcr.io/0xsero/tabbyapi-exl3@sha256:0f83e6198dc3be2561652d8df25, container up)
[22:21:39] waiting for /v1/models (2940s, vast running success, running ghcr.io/0xsero/tabbyapi-exl3@sha256:0f83e6198dc3be2561652d8df25, container up)
[22:22:10] vast 52127131 destroyed
[22:22:10] approx cost: 0.17 (49 min at 0.201/h)
terminated
