[21:07:56] attempt 1: renting RTX 3090 (vast), image ghcr.io/0xsero/tabbyapi-exl3
[21:07:59] vast 52123667 created, 0.24672222222222218 /h, gpu RTX 3090
[21:08:44] vast status: 9b695a7afee0: Verifying Checksum
9b695a7afee0: Download complete
[21:08:55] vast status: a68b988e875c: Pull complete
[21:10:02] waiting for /v1/models (122s, vast loading a68b988e875c: Pull complete, container up)
[21:12:04] waiting for /v1/models (245s, vast loading a68b988e875c: Pull complete, container up)
[21:14:05] waiting for /v1/models (366s, vast loading a68b988e875c: Pull complete, container up)
[21:16:07] vast status: 19ecffd1183d: Retrying in 2 seconds
[21:16:07] waiting for /v1/models (488s, vast loading 19ecffd1183d: Retrying in 2 seconds, container up)
[21:18:10] vast 52123667 destroyed
[21:18:10] approx cost: 0.04 (10 min at 0.247/h)
[21:18:10] attempt 1: container not started after 609s (vast loading 19ecffd1183d: Retrying in 2 seconds)
[21:18:10] retrying on a different host
[21:18:10] attempt 2: renting RTX 3090 (vast), image ghcr.io/0xsero/tabbyapi-exl3
[21:18:12] vast 52125389 created, 0.17472222222222222 /h, gpu RTX 3090
[21:18:47] vast status: ghcr.io/0xsero/tabbyapi-exl3@sha256:0f83e6198dc3be2561652d8df2525a7d1a69733e12fc8e25cbc5bc319a8a3ad1: Pulling from 0xsero/tabbyapi-exl3
[21:18:58] vast status: 9b695a7afee0: Verifying Checksum
9b695a7afee0:
[21:19:09] vast status: 4af393826573: Pull complete
[21:20:16] waiting for /v1/models (124s, vast loading 4af393826573: Pull complete, container up)
[21:22:18] waiting for /v1/models (245s, vast loading 4af393826573: Pull complete, container up)
[21:24:20] waiting for /v1/models (367s, vast loading 4af393826573: Pull complete, container up)
[21:25:16] vast status: 19ecffd1183d: Retrying in 3 seconds
[21:25:27] vast status: 19ecffd1183d: Retrying in 1 second
[21:26:23] waiting for /v1/models (490s, vast loading 19ecffd1183d: Retrying in 1 second, container up)
[21:28:16] vast 52125389 destroyed
[21:28:16] approx cost: 0.03 (10 min at 0.175/h)
[21:28:16] attempt 2: container not started after 602s (vast loading 19ecffd1183d: Retrying in 1 second)
container never started; giving up
