[02:54:29] attempt 1: renting RTX PRO 4500 (vast), image ghcr.io/0xsero/tabbyapi-exl3
[02:54:32] vast 52159252 created, 0.35175925925925927 /h, gpu RTX PRO 4500
[02:55:06] vast status: success, running ghcr.io/0xsero/tabbyapi-exl3@sha256:0f83e6198dc3be2561652d8df2525a7d1a69733e12fc8e25cbc5bc319a8a3ad1
[02:56:36] waiting for /v1/models (124s, vast running success, running ghcr.io/0xsero/tabbyapi-exl3@sha256:0f83e6198dc3be2561652d8df25, container up)
[02:58:40] waiting for /v1/models (248s, vast running success, running ghcr.io/0xsero/tabbyapi-exl3@sha256:0f83e6198dc3be2561652d8df25, container up)
[03:00:45] waiting for /v1/models (373s, vast running success, running ghcr.io/0xsero/tabbyapi-exl3@sha256:0f83e6198dc3be2561652d8df25, container up)
[03:02:48] waiting for /v1/models (496s, vast running success, running ghcr.io/0xsero/tabbyapi-exl3@sha256:0f83e6198dc3be2561652d8df25, container up)
[03:04:53] waiting for /v1/models (621s, vast running success, running ghcr.io/0xsero/tabbyapi-exl3@sha256:0f83e6198dc3be2561652d8df25, container up)
[03:06:57] waiting for /v1/models (745s, vast running success, running ghcr.io/0xsero/tabbyapi-exl3@sha256:0f83e6198dc3be2561652d8df25, container up)
[03:09:00] waiting for /v1/models (868s, vast running success, running ghcr.io/0xsero/tabbyapi-exl3@sha256:0f83e6198dc3be2561652d8df25, container up)
[03:11:04] waiting for /v1/models (992s, vast running success, running ghcr.io/0xsero/tabbyapi-exl3@sha256:0f83e6198dc3be2561652d8df25, container up)
[03:13:08] waiting for /v1/models (1116s, vast running success, running ghcr.io/0xsero/tabbyapi-exl3@sha256:0f83e6198dc3be2561652d8df25, container up)
[03:15:11] waiting for /v1/models (1239s, vast running success, running ghcr.io/0xsero/tabbyapi-exl3@sha256:0f83e6198dc3be2561652d8df25, container up)
[03:17:15] waiting for /v1/models (1363s, vast running success, running ghcr.io/0xsero/tabbyapi-exl3@sha256:0f83e6198dc3be2561652d8df25, container up)
[03:19:18] waiting for /v1/models (1486s, vast running success, running ghcr.io/0xsero/tabbyapi-exl3@sha256:0f83e6198dc3be2561652d8df25, container up)
[03:21:22] waiting for /v1/models (1610s, vast running success, running ghcr.io/0xsero/tabbyapi-exl3@sha256:0f83e6198dc3be2561652d8df25, container up)
[03:23:27] waiting for /v1/models (1735s, vast running success, running ghcr.io/0xsero/tabbyapi-exl3@sha256:0f83e6198dc3be2561652d8df25, container up)
[03:25:30] waiting for /v1/models (1858s, vast running success, running ghcr.io/0xsero/tabbyapi-exl3@sha256:0f83e6198dc3be2561652d8df25, container up)
[03:27:35] waiting for /v1/models (1983s, vast running success, running ghcr.io/0xsero/tabbyapi-exl3@sha256:0f83e6198dc3be2561652d8df25, container up)
[03:29:38] waiting for /v1/models (2106s, vast running success, running ghcr.io/0xsero/tabbyapi-exl3@sha256:0f83e6198dc3be2561652d8df25, container up)
[03:31:41] waiting for /v1/models (2229s, vast running success, running ghcr.io/0xsero/tabbyapi-exl3@sha256:0f83e6198dc3be2561652d8df25, container up)
[03:33:45] waiting for /v1/models (2353s, vast running success, running ghcr.io/0xsero/tabbyapi-exl3@sha256:0f83e6198dc3be2561652d8df25, container up)
[03:35:49] waiting for /v1/models (2477s, vast running success, running ghcr.io/0xsero/tabbyapi-exl3@sha256:0f83e6198dc3be2561652d8df25, container up)
[03:37:53] waiting for /v1/models (2601s, vast running success, running ghcr.io/0xsero/tabbyapi-exl3@sha256:0f83e6198dc3be2561652d8df25, container up)
[03:39:57] waiting for /v1/models (2724s, vast running success, running ghcr.io/0xsero/tabbyapi-exl3@sha256:0f83e6198dc3be2561652d8df25, container up)
[03:42:00] waiting for /v1/models (2848s, vast running success, running ghcr.io/0xsero/tabbyapi-exl3@sha256:0f83e6198dc3be2561652d8df25, container up)
[03:44:03] waiting for /v1/models (2971s, vast running success, running ghcr.io/0xsero/tabbyapi-exl3@sha256:0f83e6198dc3be2561652d8df25, container up)
[03:46:07] waiting for /v1/models (3095s, vast running success, running ghcr.io/0xsero/tabbyapi-exl3@sha256:0f83e6198dc3be2561652d8df25, container up)
[03:48:10] waiting for /v1/models (3218s, vast running success, running ghcr.io/0xsero/tabbyapi-exl3@sha256:0f83e6198dc3be2561652d8df25, container up)
[03:50:14] waiting for /v1/models (3342s, vast running success, running ghcr.io/0xsero/tabbyapi-exl3@sha256:0f83e6198dc3be2561652d8df25, container up)
[03:52:19] waiting for /v1/models (3467s, vast running success, running ghcr.io/0xsero/tabbyapi-exl3@sha256:0f83e6198dc3be2561652d8df25, container up)
[03:54:24] waiting for /v1/models (3592s, vast running success, running ghcr.io/0xsero/tabbyapi-exl3@sha256:0f83e6198dc3be2561652d8df25, container up)
[03:54:36] vast 52159252 destroyed
[03:54:36] approx cost: 0.35 (60 min at 0.352/h)
server did not become healthy within 3600s
