[03:54:58] attempt 1: renting RTX PRO 4500 (vast), image ghcr.io/0xsero/tabbyapi-exl3
[03:55:00] vast 52165621 created, 0.35175925925925927 /h, gpu RTX PRO 4500
[03:55:35] vast status: success, running ghcr.io/0xsero/tabbyapi-exl3@sha256:0f83e6198dc3be2561652d8df2525a7d1a69733e12fc8e25cbc5bc319a8a3ad1
[03:57:05] waiting for /v1/models (124s, vast running success, running ghcr.io/0xsero/tabbyapi-exl3@sha256:0f83e6198dc3be2561652d8df25, container up)
[03:59:08] waiting for /v1/models (248s, vast running success, running ghcr.io/0xsero/tabbyapi-exl3@sha256:0f83e6198dc3be2561652d8df25, container up)
[04:01:15] waiting for /v1/models (374s, vast running success, running ghcr.io/0xsero/tabbyapi-exl3@sha256:0f83e6198dc3be2561652d8df25, container up)
[04:03:18] waiting for /v1/models (498s, vast running success, running ghcr.io/0xsero/tabbyapi-exl3@sha256:0f83e6198dc3be2561652d8df25, container up)
[04:05:23] waiting for /v1/models (622s, vast running success, running ghcr.io/0xsero/tabbyapi-exl3@sha256:0f83e6198dc3be2561652d8df25, container up)
[04:07:27] waiting for /v1/models (746s, vast running success, running ghcr.io/0xsero/tabbyapi-exl3@sha256:0f83e6198dc3be2561652d8df25, container up)
[04:09:31] waiting for /v1/models (871s, vast running success, running ghcr.io/0xsero/tabbyapi-exl3@sha256:0f83e6198dc3be2561652d8df25, container up)
[04:11:36] waiting for /v1/models (995s, vast running success, running ghcr.io/0xsero/tabbyapi-exl3@sha256:0f83e6198dc3be2561652d8df25, container up)
[04:13:40] waiting for /v1/models (1120s, vast running success, running ghcr.io/0xsero/tabbyapi-exl3@sha256:0f83e6198dc3be2561652d8df25, container up)
[04:15:44] waiting for /v1/models (1243s, vast running success, running ghcr.io/0xsero/tabbyapi-exl3@sha256:0f83e6198dc3be2561652d8df25, container up)
[04:17:48] waiting for /v1/models (1367s, vast running success, running ghcr.io/0xsero/tabbyapi-exl3@sha256:0f83e6198dc3be2561652d8df25, container up)
[04:19:51] waiting for /v1/models (1490s, vast running success, running ghcr.io/0xsero/tabbyapi-exl3@sha256:0f83e6198dc3be2561652d8df25, container up)
[04:21:56] waiting for /v1/models (1615s, vast running success, running ghcr.io/0xsero/tabbyapi-exl3@sha256:0f83e6198dc3be2561652d8df25, container up)
[04:23:59] waiting for /v1/models (1739s, vast running success, running ghcr.io/0xsero/tabbyapi-exl3@sha256:0f83e6198dc3be2561652d8df25, container up)
[04:25:32] vast 52165621 destroyed
[04:25:32] approx cost: 0.18 (31 min at 0.352/h)
terminated
