{"gate_window": 32768, "result": "pass", "code": null}
{"gate_window": 131072, "result": "pass", "code": null}
{"gate_window": 262144, "result": "pass", "code": null}
{"id": "t32768-c1-cold-s1", "status": "completed"}
{"id": "t32768-c1-cold-s2", "status": "completed"}
{"id": "t32768-c1-cold-s3", "status": "completed"}
{"id": "t32768-c1-warm-s1", "status": "completed"}
{"id": "t32768-c1-warm-s2", "status": "completed"}
{"id": "t32768-c1-warm-s3", "status": "completed"}
{"id": "t32768-c2-cold-s1", "status": "completed"}
{"id": "t32768-c2-cold-s2", "status": "completed"}
{"id": "t32768-c2-cold-s3", "status": "completed"}
{"id": "t32768-c2-warm-s1", "status": "completed"}
{"id": "t32768-c2-warm-s2", "status": "completed"}
{"id": "t32768-c2-warm-s3", "status": "completed"}
{"id": "t32768-c4-cold-s1", "status": "completed"}
{"id": "t32768-c4-cold-s2", "status": "completed"}
{"id": "t32768-c4-cold-s3", "status": "completed"}
{"id": "t32768-c4-warm-s1", "status": "completed"}
{"id": "t32768-c4-warm-s2", "status": "completed"}
{"id": "t32768-c4-warm-s3", "status": "completed"}
{"id": "t131072-c1-cold-s1", "status": "completed"}
{"id": "t131072-c1-cold-s2", "status": "completed"}
{"id": "t131072-c1-cold-s3", "status": "completed"}
{"id": "t131072-c1-warm-s1", "status": "completed"}
{"id": "t131072-c1-warm-s2", "status": "completed"}
{"id": "t131072-c1-warm-s3", "status": "completed"}
{"id": "t131072-c2-cold-s1", "status": "completed"}
{"id": "t131072-c2-cold-s2", "status": "completed"}
{"id": "t131072-c2-cold-s3", "status": "completed"}
{"id": "t131072-c2-warm-s1", "status": "completed"}
{"id": "t131072-c2-warm-s2", "status": "completed"}
{"id": "t131072-c2-warm-s3", "status": "completed"}
{"id": "t131072-c4-cold-s1", "status": "completed"}
{"id": "t131072-c4-cold-s2", "status": "interrupted"}
Warning: Permanently added '[[[redacted-ip]]]:18653' (ED25519) to the list of known hosts.
